<html>
<body>
<pre>
<h1>µVision Build Log</h1>
<h2>Tool Versions:</h2>
IDE-Version: µVision V5.21.1.0
Copyright (C) 2016 ARM Ltd and ARM Germany GmbH. All rights reserved.
License Information: mkhj hjk, hjj, LIC=UJWAR-KNTMG-SYUVA-16E6I-VPY1X-1QZUK
 
Tool Versions:
Toolchain:       MDK-ARM Plus  Version: 5.21a
Toolchain Path:  C:\Keil_v5\ARM\ARMCC\Bin
C Compiler:      Armcc.exe V5.06 update 3 (build 300)
Assembler:       Armasm.exe V5.06 update 3 (build 300)
Linker/Locator:  ArmLink.exe V5.06 update 3 (build 300)
Library Manager: ArmAr.exe V5.06 update 3 (build 300)
Hex Converter:   FromElf.exe V5.06 update 3 (build 300)
CPU DLL:         SARM.DLL V5.21a
Dialog DLL:      DARMATS.DLL V1.21.0.0
Target DLL:      UL2ARM.DLL V1.74.9.0
Dialog DLL:      TARMATS.DLL V1.21.0.0
 
<h2>Project:</h2>
D:\pgm\AtmelARM\pgm\USB_MDIO\USb_MDIO.uvproj
Project File Date:  11/28/2016

<h2>Output:</h2>
*** Using Compiler 'V5.06 update 3 (build 300)', folder: 'C:\Keil_v5\ARM\ARMCC\Bin'
Rebuild target 'USB_MDIO'
Clean started - Project: 'USb_MDIO'
   deleting intermediate output files for target 'USB_MDIO'
assembling SAM7.s...
compiling main.c...
main\main.c(504): warning:  #61-D: integer operation result is out of range
      SPID_ConfigureCS(&spid, 0, 
SR);
main\main.c(504): warning:  #68-D: integer conversion resulted in a change of sign
      SPID_ConfigureCS(&spid, 0, 
SR);
main\main.c(152): warning:  #177-D: variable "pins" was declared but never referenced
  static const Pin pins[] = {PIN_USART0_TXD, PIN_USART0_RXD};
main\main.c(207): warning:  #177-D: variable "pinVbus" was declared but never referenced
  static const Pin pinVbus = PIN_USB_VBUS;
main\main.c: 4 warnings, 0 errors
compiling lcd_siem_s65.c...
compiling consol.c...
main\consol.c(103): warning:  #177-D: variable "reg" was declared but never referenced
        uint32_t reg;
main\consol.c(105): warning:  #177-D: variable "port" was declared but never referenced
        unsigned char * port;
main\consol.c: 2 warnings, 0 errors
compiling microrl.c...
compiling aic.c...
compiling dbgu.c...
compiling pio.c...
compiling pio_it.c...
compiling pit.c...
compiling pmc.c...
compiling tc.c...
compiling led.c...
compiling retarget.c...
compiling board_lowlevel.c...
compiling board_memories.c...
compiling pwmc.c...
compiling spid.c...
compiling USBConfigurationDescriptor.c...
compiling USBEndpointDescriptor.c...
compiling USBFeatureRequest.c...
compiling USBGenericDescriptor.c...
compiling USBGenericRequest.c...
compiling USBGetDescriptorRequest.c...
compiling USBInterfaceRequest.c...
compiling USBSetAddressRequest.c...
compiling USBSetConfigurationRequest.c...
compiling USBD_OTGHS.c...
compiling USBD_UDP.c...
compiling USBD_UDPHS.c...
compiling USBDCallbacks_Initialized.c...
compiling USBDCallbacks_Reset.c...
compiling USBDDriver.c...
compiling USBDDriverCb_CfgChanged.c...
compiling USBDDriverCb_IfSettingChanged.c...
compiling CDCLineCoding.c...
compiling CDCSetControlLineStateRequest.c...
compiling CDCDSerialDriver.c...
compiling CDCDSerialDriverDescriptors.c...
compiling mdio_drv.c...
linking...
Program Size: Code=29120 RO-data=3540 RW-data=208 ZI-data=3016  
".\Objects\USb_MDIO.axf" - 0 Error(s), 6 Warning(s).

*** Performing Cross-Module-Optimization:
compiling lcd_siem_s65.c...
compiling aic.c...
compiling dbgu.c...
compiling pio.c...
compiling pio_it.c...
compiling pit.c...
compiling pmc.c...
compiling tc.c...
compiling retarget.c...
compiling board_memories.c...
compiling pwmc.c...
compiling spid.c...
compiling USBConfigurationDescriptor.c...
compiling USBFeatureRequest.c...
compiling USBGenericRequest.c...
compiling USBD_UDP.c...
compiling USBDDriver.c...
compiling CDCDSerialDriver.c...
compiling mdio_drv.c...
linking...
Program Size: Code=29120 RO-data=3540 RW-data=208 ZI-data=3016  
FromELF: creating hex file...
".\Objects\USb_MDIO.axf" - 0 Error(s), 0 Warning(s).
*** Completed Cross-Module-Optimization after 2 iteration(s).
Build Time Elapsed:  00:00:05
</pre>
</body>
</html>
