Component: ARM Compiler 5.06 update 3 (build 300) Tool: armlink [4d35c9]

==============================================================================

Section Cross References

    sam7.o(STACK) refers (Special) to heapauxi.o(.text) for __use_two_region_memory
    sam7.o(HEAP) refers (Special) to heapauxi.o(.text) for __use_two_region_memory
    sam7.o(RESET) refers (Special) to heapauxi.o(.text) for __use_two_region_memory
    sam7.o(RESET) refers to sam7.o(STACK) for Stack_Top
    sam7.o(RESET) refers to __main.o(!!!main) for __main
    sam7.o(.text) refers (Special) to heapauxi.o(.text) for __use_two_region_memory
    sam7.o(.text) refers to sam7.o(HEAP) for Heap_Mem
    sam7.o(.text) refers to sam7.o(STACK) for Stack_Mem
    main.o(i.ISR_Timer0) refers to pio.o(i.PIO_Get) for PIO_Get
    main.o(i.ISR_Timer0) refers to main.o(.constdata) for pinPB1
    main.o(i.ISR_Timer0) refers to main.o(.data) for lastPress1
    main.o(i.ISR_Timer1) refers to main.o(.data) for flash_led
    main.o(i.TXCDCcompleted) refers to led.o(i.LED_Clear) for LED_Clear
    main.o(i.TXCDCcompleted) refers to main.o(.data) for TXCDCdone
    main.o(i.UsbCDCDataReceived) refers to led.o(i.LED_Set) for LED_Set
    main.o(i.UsbCDCDataReceived) refers to main.o(.bss) for usbCDCBuffer
    main.o(i.UsbCDCDataReceived) refers to main.o(.data) for inRXCDC
    main.o(i.VBus_Configure) refers to __2printf.o(.text) for __2printf
    main.o(i.VBus_Configure) refers to usbd_udp.o(i.USBD_Connect) for USBD_Connect
    main.o(i.config_board) refers to board_lowlevel.o(i.LowLevelInit) for LowLevelInit
    main.o(i.config_board) refers to pio.o(i.PIO_Configure) for PIO_Configure
    main.o(i.config_board) refers to dbgu.o(i.DBGU_Configure) for DBGU_Configure
    main.o(i.config_board) refers to pwmc.o(i.PWMC_ConfigureClocks) for PWMC_ConfigureClocks
    main.o(i.config_board) refers to pwmc.o(i.PWMC_ConfigureChannel) for PWMC_ConfigureChannel
    main.o(i.config_board) refers to pwmc.o(i.PWMC_SetPeriod) for PWMC_SetPeriod
    main.o(i.config_board) refers to pwmc.o(i.PWMC_SetDutyCycle) for PWMC_SetDutyCycle
    main.o(i.config_board) refers to pwmc.o(i.PWMC_EnableChannel) for PWMC_EnableChannel
    main.o(i.config_board) refers to spid.o(i.SPID_Configure) for SPID_Configure
    main.o(i.config_board) refers to spid.o(i.SPID_ConfigureCS) for SPID_ConfigureCS
    main.o(i.config_board) refers to lcd_siem_s65.o(i.init_lcd) for init_lcd
    main.o(i.config_board) refers to lcd_siem_s65.o(i.fill_screen) for fill_screen
    main.o(i.config_board) refers to tc.o(i.TC_FindMckDivisor) for TC_FindMckDivisor
    main.o(i.config_board) refers to tc.o(i.TC_Configure) for TC_Configure
    main.o(i.config_board) refers to aeabi_sdiv.o(.text_udiv) for __aeabi_uidivmod
    main.o(i.config_board) refers to aic.o(i.AIC_ConfigureIT) for AIC_ConfigureIT
    main.o(i.config_board) refers to aic.o(i.AIC_EnableIT) for AIC_EnableIT
    main.o(i.config_board) refers to tc.o(i.TC_Start) for TC_Start
    main.o(i.config_board) refers to mdio_drv.o(i.DRV_MDIOM_Init) for DRV_MDIOM_Init
    main.o(i.config_board) refers to cdcdserialdriver.o(i.CDCDSerialDriver_Initialize) for CDCDSerialDriver_Initialize
    main.o(i.config_board) refers to main.o(i.VBus_Configure) for VBus_Configure
    main.o(i.config_board) refers to led.o(i.LED_Configure) for LED_Configure
    main.o(i.config_board) refers to led.o(i.LED_Set) for LED_Set
    main.o(i.config_board) refers to main.o(.constdata) for .constdata
    main.o(i.config_board) refers to main.o(.data) for pins_spi
    main.o(i.config_board) refers to main.o(.bss) for spid
    main.o(i.config_board) refers to lcd_siem_s65.o(.data) for LCD_backcolor
    main.o(i.config_board) refers to main.o(i.ISR_Timer0) for ISR_Timer0
    main.o(i.config_board) refers to main.o(i.ISR_Timer1) for ISR_Timer1
    main.o(i.main) refers to _printf_pad.o(.text) for _printf_pre_padding
    main.o(i.main) refers to _printf_percent.o(.ARM.Collect$$_printf_percent$$00000000) for _printf_percent
    main.o(i.main) refers to _printf_d.o(.ARM.Collect$$_printf_percent$$00000009) for _printf_d
    main.o(i.main) refers to _printf_dec.o(.text) for _printf_int_dec
    main.o(i.main) refers to _printf_s.o(.ARM.Collect$$_printf_percent$$00000014) for _printf_s
    main.o(i.main) refers to _printf_str.o(.text) for _printf_str
    main.o(i.main) refers to rt_memclr_w.o(.text) for __aeabi_memclr4
    main.o(i.main) refers to main.o(i.config_board) for config_board
    main.o(i.main) refers to led.o(i.LED_Set) for LED_Set
    main.o(i.main) refers to usbd_udp.o(i.USBD_Connect) for USBD_Connect
    main.o(i.main) refers to __2snprintf.o(.text) for __2snprintf
    main.o(i.main) refers to lcd_siem_s65.o(i.LCD_put_string) for LCD_put_string
    main.o(i.main) refers to main.o(i.idxDiff) for idxDiff
    main.o(i.main) refers to cdcdserialdriver.o(i.CDCDSerialDriver_Write) for CDCDSerialDriver_Write
[...]
    UDP_EnableUsbClock                       0x0010287c   ARM Code      16  usbd_udp.o(i.UDP_EnableUsbClock)
    i.UDP_EndOfTransfer                      0x0010288c   Section        0  usbd_udp.o(i.UDP_EndOfTransfer)
    UDP_EndOfTransfer                        0x0010288c   ARM Code     112  usbd_udp.o(i.UDP_EndOfTransfer)
    i.UDP_EndpointHandler                    0x00102900   Section        0  usbd_udp.o(i.UDP_EndpointHandler)
    UDP_EndpointHandler                      0x00102900   ARM Code    1192  usbd_udp.o(i.UDP_EndpointHandler)
    i.UDP_IsTransferFinished                 0x00102da8   Section        0  usbd_udp.o(i.UDP_IsTransferFinished)
    UDP_IsTransferFinished                   0x00102da8   ARM Code     116  usbd_udp.o(i.UDP_IsTransferFinished)
    i.UDP_ReadPayload                        0x00102e24   Section        0  usbd_udp.o(i.UDP_ReadPayload)
    UDP_ReadPayload                          0x00102e24   ARM Code     132  usbd_udp.o(i.UDP_ReadPayload)
    i.UDP_ReadRequest                        0x00102eb0   Section        0  usbd_udp.o(i.UDP_ReadRequest)
    UDP_ReadRequest                          0x00102eb0   ARM Code      48  usbd_udp.o(i.UDP_ReadRequest)
    i.UDP_ResetEndpoints                     0x00102ee4   Section        0  usbd_udp.o(i.UDP_ResetEndpoints)
    UDP_ResetEndpoints                       0x00102ee4   ARM Code      88  usbd_udp.o(i.UDP_ResetEndpoints)
    i.UDP_WritePayload                       0x00102f40   Section        0  usbd_udp.o(i.UDP_WritePayload)
    UDP_WritePayload                         0x00102f40   ARM Code     116  usbd_udp.o(i.UDP_WritePayload)
    i.USBConfigurationDescriptor_GetTotalLength 0x00102fbc   Section        0  usbconfigurationdescriptor.o(i.USBConfigurationDescriptor_GetTotalLength)
    i.USBConfigurationDescriptor_IsSelfPowered 0x00102fd0   Section        0  usbconfigurationdescriptor.o(i.USBConfigurationDescriptor_IsSelfPowered)
    i.USBConfigurationDescriptor_Parse       0x00102ff4   Section        0  usbconfigurationdescriptor.o(i.USBConfigurationDescriptor_Parse)
    i.USBDCallbacks_Initialized              0x001030cc   Section        0  usbdcallbacks_initialized.o(i.USBDCallbacks_Initialized)
    i.USBDCallbacks_RequestReceived          0x00103100   Section        0  cdcdserialdriver.o(i.USBDCallbacks_RequestReceived)
    i.USBDCallbacks_Reset                    0x00103114   Section        0  usbdcallbacks_reset.o(i.USBDCallbacks_Reset)
    i.USBDDriverCallbacks_ConfigurationChanged 0x00103118   Section        0  usbddrivercb_cfgchanged.o(i.USBDDriverCallbacks_ConfigurationChanged)
    i.USBDDriverCallbacks_InterfaceSettingChanged 0x00103144   Section        0  usbddrivercb_ifsettingchanged.o(i.USBDDriverCallbacks_InterfaceSettingChanged)
    i.USBDDriver_Initialize                  0x00103178   Section        0  usbddriver.o(i.USBDDriver_Initialize)
    i.USBDDriver_RequestHandler              0x001031b8   Section        0  usbddriver.o(i.USBDDriver_RequestHandler)
    i.USBD_ConfigureEndpoint                 0x00103694   Section        0  usbd_udp.o(i.USBD_ConfigureEndpoint)
    i.USBD_Connect                           0x001037b0   Section        0  usbd_udp.o(i.USBD_Connect)
    i.USBD_GetState                          0x001037e8   Section        0  usbd_udp.o(i.USBD_GetState)
    i.USBD_Halt                              0x001037f8   Section        0  usbd_udp.o(i.USBD_Halt)
    i.USBD_Init                              0x0010385c   Section        0  usbd_udp.o(i.USBD_Init)
    i.USBD_InterruptHandler                  0x001038dc   Section        0  usbd_udp.o(i.USBD_InterruptHandler)
    i.USBD_IsHalted                          0x00103ae0   Section        0  usbd_udp.o(i.USBD_IsHalted)
    i.USBD_IsHighSpeed                       0x00103b0c   Section        0  usbd_udp.o(i.USBD_IsHighSpeed)
    i.USBD_Read                              0x00103b14   Section        0  usbd_udp.o(i.USBD_Read)
    i.USBD_SetAddress                        0x00103b90   Section        0  usbd_udp.o(i.USBD_SetAddress)
    i.USBD_SetConfiguration                  0x00103c04   Section        0  usbd_udp.o(i.USBD_SetConfiguration)
    i.USBD_Stall                             0x00103c78   Section        0  usbd_udp.o(i.USBD_Stall)
    i.USBD_Unhalt                            0x00103ce8   Section        0  usbd_udp.o(i.USBD_Unhalt)
    i.USBD_Write                             0x00103d94   Section        0  usbd_udp.o(i.USBD_Write)
    i.USBD_setCSR                            0x00103e7c   Section        0  usbd_udp.o(i.USBD_setCSR)
    i.USBEndpointDescriptor_GetDirection     0x00103f18   Section        0  usbendpointdescriptor.o(i.USBEndpointDescriptor_GetDirection)
    i.USBEndpointDescriptor_GetMaxPacketSize 0x00103f3c   Section        0  usbendpointdescriptor.o(i.USBEndpointDescriptor_GetMaxPacketSize)
    i.USBEndpointDescriptor_GetNumber        0x00103f50   Section        0  usbendpointdescriptor.o(i.USBEndpointDescriptor_GetNumber)
    i.USBEndpointDescriptor_GetType          0x00103f60   Section        0  usbendpointdescriptor.o(i.USBEndpointDescriptor_GetType)
    i.USBFeatureRequest_GetFeatureSelector   0x00103f70   Section        0  usbfeaturerequest.o(i.USBFeatureRequest_GetFeatureSelector)
    i.USBGenericDescriptor_GetLength         0x00103f88   Section        0  usbgenericdescriptor.o(i.USBGenericDescriptor_GetLength)
    i.USBGenericDescriptor_GetNextDescriptor 0x00103f94   Section        0  usbgenericdescriptor.o(i.USBGenericDescriptor_GetNextDescriptor)
    i.USBGenericDescriptor_GetType           0x00103fac   Section        0  usbgenericdescriptor.o(i.USBGenericDescriptor_GetType)
    i.USBGenericRequest_GetDirection         0x00103fb8   Section        0  usbgenericrequest.o(i.USBGenericRequest_GetDirection)
    i.USBGenericRequest_GetEndpointNumber    0x00103fdc   Section        0  usbgenericrequest.o(i.USBGenericRequest_GetEndpointNumber)
    i.USBGenericRequest_GetIndex             0x00103ff4   Section        0  usbgenericrequest.o(i.USBGenericRequest_GetIndex)
    i.USBGenericRequest_GetLength            0x00104000   Section        0  usbgenericrequest.o(i.USBGenericRequest_GetLength)
    i.USBGenericRequest_GetRecipient         0x0010400c   Section        0  usbgenericrequest.o(i.USBGenericRequest_GetRecipient)
    i.USBGenericRequest_GetRequest           0x0010401c   Section        0  usbgenericrequest.o(i.USBGenericRequest_GetRequest)
    i.USBGenericRequest_GetValue             0x00104028   Section        0  usbgenericrequest.o(i.USBGenericRequest_GetValue)
    i.USBGetDescriptorRequest_GetDescriptorIndex 0x00104034   Section        0  usbgetdescriptorrequest.o(i.USBGetDescriptorRequest_GetDescriptorIndex)
    i.USBGetDescriptorRequest_GetDescriptorType 0x0010404c   Section        0  usbgetdescriptorrequest.o(i.USBGetDescriptorRequest_GetDescriptorType)
    i.USBInterfaceRequest_GetAlternateSetting 0x00104064   Section        0  usbinterfacerequest.o(i.USBInterfaceRequest_GetAlternateSetting)
    i.USBInterfaceRequest_GetInterface       0x0010407c   Section        0  usbinterfacerequest.o(i.USBInterfaceRequest_GetInterface)
    i.USBSetAddressRequest_GetAddress        0x00104094   Section        0  usbsetaddressrequest.o(i.USBSetAddressRequest_GetAddress)
    i.USBSetConfigurationRequest_GetConfiguration 0x001040ac   Section        0  usbsetconfigurationrequest.o(i.USBSetConfigurationRequest_GetConfiguration)
    i.UTIL_WaitTimeInMs                      0x001040c4   Section        0  lcd_siem_s65.o(i.UTIL_WaitTimeInMs)
    i.UTIL_WaitTimeInUs                      0x00104130   Section        0  lcd_siem_s65.o(i.UTIL_WaitTimeInUs)
    i.UsbCDCDataReceived                     0x001041a0   Section        0  main.o(i.UsbCDCDataReceived)
    UsbCDCDataReceived                       0x001041a0   ARM Code     132  main.o(i.UsbCDCDataReceived)
    i.VBus_Configure                         0x00104234   Section        0  main.o(i.VBus_Configure)
    VBus_Configure                           0x00104234   ARM Code      20  main.o(i.VBus_Configure)
    i._sys_exit                              0x00104264   Section        0  retarget.o(i._sys_exit)
    i.common_len                             0x0010426c   Section        0  microrl.o(i.common_len)
    common_len                               0x0010426c   ARM Code     192  microrl.o(i.common_len)
    i.complet                                0x0010432c   Section        0  consol.o(i.complet)
    i.config_board                           0x00104504   Section        0  main.o(i.config_board)
    i.defaultFiqHandler                      0x0010477c   Section        0  board_lowlevel.o(i.defaultFiqHandler)
    i.defaultIrqHandler                      0x00104784   Section        0  board_lowlevel.o(i.defaultIrqHandler)
    i.defaultSpuriousHandler                 0x0010478c   Section        0  board_lowlevel.o(i.defaultSpuriousHandler)
    i.escape_process                         0x00104794   Section        0  microrl.o(i.escape_process)
    escape_process                           0x00104794   ARM Code     364  microrl.o(i.escape_process)
    i.execute                                0x00104900   Section        0  consol.o(i.execute)
    i.ferror                                 0x00105164   Section        0  retarget.o(i.ferror)
    i.fill_area                              0x00105170   Section        0  lcd_siem_s65.o(i.fill_area)
    i.fill_screen                            0x00105254   Section        0  lcd_siem_s65.o(i.fill_screen)
    i.fputc                                  0x001052f8   Section        0  retarget.o(i.fputc)
    i.hist_erase_older                       0x0010533c   Section        0  microrl.o(i.hist_erase_older)
    hist_erase_older                         0x0010533c   ARM Code      48  microrl.o(i.hist_erase_older)
    i.hist_is_space_for_new                  0x0010536c   Section        0  microrl.o(i.hist_is_space_for_new)
    hist_is_space_for_new                    0x0010536c   ARM Code     120  microrl.o(i.hist_is_space_for_new)
    i.hist_restore_line                      0x001053e4   Section        0  microrl.o(i.hist_restore_line)
    hist_restore_line                        0x001053e4   ARM Code     592  microrl.o(i.hist_restore_line)
    i.hist_save_line                         0x00105634   Section        0  microrl.o(i.hist_save_line)
    hist_save_line                           0x00105634   ARM Code     260  microrl.o(i.hist_save_line)
    i.hist_search                            0x00105738   Section        0  microrl.o(i.hist_search)
    hist_search                              0x00105738   ARM Code      84  microrl.o(i.hist_search)
    i.idxDiff                                0x0010578c   Section        0  main.o(i.idxDiff)
    i.init_lcd                               0x001057a0   Section        0  lcd_siem_s65.o(i.init_lcd)
    i.init_u_consol                          0x00105890   Section        0  consol.o(i.init_u_consol)
    i.lcd_cspulse                            0x001058ec   Section        0  lcd_siem_s65.o(i.lcd_cspulse)
    i.lcd_dat                                0x00105904   Section        0  lcd_siem_s65.o(i.lcd_dat)
    i.lcd_dat8                               0x00105924   Section        0  lcd_siem_s65.o(i.lcd_dat8)
    i.lcd_reg                                0x00105950   Section        0  lcd_siem_s65.o(i.lcd_reg)
    i.lcd_write                              0x00105970   Section        0  lcd_siem_s65.o(i.lcd_write)
    i.lcd_write8                             0x00105990   Section        0  lcd_siem_s65.o(i.lcd_write8)
    i.main                                   0x001059bc   Section        0  main.o(i.main)
    i.mdio_read_data                         0x00105f58   Section        0  mdio_drv.o(i.mdio_read_data)
    i.mdio_set_addr                          0x00105fd4   Section        0  mdio_drv.o(i.mdio_set_addr)
    i.mdio_write_data                        0x00106000   Section        0  mdio_drv.o(i.mdio_write_data)
    i.mdiobb_cmd                             0x001060b8   Section        0  mdio_drv.o(i.mdiobb_cmd)
    i.mdiobb_cmd_addr                        0x0010613c   Section        0  mdio_drv.o(i.mdiobb_cmd_addr)
    i.mdiobb_get_bit                         0x001061e0   Section        0  mdio_drv.o(i.mdiobb_get_bit)
    i.mdiobb_get_num                         0x0010626c   Section        0  mdio_drv.o(i.mdiobb_get_num)
    mdiobb_get_num                           0x0010626c   ARM Code      72  mdio_drv.o(i.mdiobb_get_num)
    i.mdiobb_read                            0x001062b8   Section        0  mdio_drv.o(i.mdiobb_read)
    i.mdiobb_send_bit                        0x00106370   Section        0  mdio_drv.o(i.mdiobb_send_bit)
    mdiobb_send_bit                          0x00106370   ARM Code     208  mdio_drv.o(i.mdiobb_send_bit)
    i.mdiobb_send_num                        0x00106444   Section        0  mdio_drv.o(i.mdiobb_send_num)
    mdiobb_send_num                          0x00106444   ARM Code      56  mdio_drv.o(i.mdiobb_send_num)
    i.microrl_backspace                      0x0010647c   Section        0  microrl.o(i.microrl_backspace)
    microrl_backspace                        0x0010647c   ARM Code     120  microrl.o(i.microrl_backspace)
    i.microrl_get_complite                   0x001064f4   Section        0  microrl.o(i.microrl_get_complite)
    microrl_get_complite                     0x001064f4   ARM Code     376  microrl.o(i.microrl_get_complite)
    i.microrl_init                           0x00106674   Section        0  microrl.o(i.microrl_init)
    i.microrl_insert_char                    0x001066d4   Section        0  microrl.o(i.microrl_insert_char)
    i.microrl_insert_text                    0x00106980   Section        0  microrl.o(i.microrl_insert_text)
    microrl_insert_text                      0x00106980   ARM Code     224  microrl.o(i.microrl_insert_text)
    i.microrl_set_complete_callback          0x00106a60   Section        0  microrl.o(i.microrl_set_complete_callback)
    i.microrl_set_execute_callback           0x00106a68   Section        0  microrl.o(i.microrl_set_execute_callback)
    i.microrl_set_sigint_callback            0x00106a70   Section        0  microrl.o(i.microrl_set_sigint_callback)
    i.new_line_handler                       0x00106a78   Section        0  microrl.o(i.new_line_handler)
    i.print                                  0x00106b4c   Section        0  consol.o(i.print)
    i.print_help                             0x00106bc0   Section        0  consol.o(i.print_help)
    i.print_prompt                           0x00106d64   Section        0  microrl.o(i.print_prompt)
    print_prompt                             0x00106d64   ARM Code      20  microrl.o(i.print_prompt)
    i.put_char                               0x00106d78   Section        0  lcd_siem_s65.o(i.put_char)
    i.sigint                                 0x00106f14   Section        0  consol.o(i.sigint)
    i.split                                  0x00106f34   Section        0  microrl.o(i.split)
    split                                    0x00106f34   ARM Code     188  microrl.o(i.split)
    i.terminal_backspace                     0x00106ff0   Section        0  microrl.o(i.terminal_backspace)
    terminal_backspace                       0x00106ff0   ARM Code      20  microrl.o(i.terminal_backspace)
    i.terminal_move_cursor                   0x0010700c   Section        0  microrl.o(i.terminal_move_cursor)
    terminal_move_cursor                     0x0010700c   ARM Code     104  microrl.o(i.terminal_move_cursor)
    i.terminal_newline                       0x00107084   Section        0  microrl.o(i.terminal_newline)
    terminal_newline                         0x00107084   ARM Code      20  microrl.o(i.terminal_newline)
    i.terminal_print_line                    0x0010709c   Section        0  microrl.o(i.terminal_print_line)
    terminal_print_line                      0x0010709c   ARM Code     132  microrl.o(i.terminal_print_line)
    i.terminal_reset_cursor                  0x00107124   Section        0  microrl.o(i.terminal_reset_cursor)
    terminal_reset_cursor                    0x00107124   ARM Code      76  microrl.o(i.terminal_reset_cursor)
    locale$$code                             0x0010717c   Section       68  lc_ctype_c.o(locale$$code)
    .constdata                               0x001071c0   Section       96  main.o(.constdata)
    PWM0                                     0x001071f0   Data          12  main.o(.constdata)
    pins                                     0x001071fc   Data          24  main.o(.constdata)
    .constdata                               0x00107220   Section     2364  lcd_siem_s65.o(.constdata)
    pinsLCD                                  0x00107b44   Data          24  lcd_siem_s65.o(.constdata)
    .constdata                               0x00107b5c   Section       20  tc.o(.constdata)
    .constdata                               0x00107b70   Section       48  led.o(.constdata)
    pinsLeds                                 0x00107b70   Data          48  led.o(.constdata)
    .constdata                               0x00107ba0   Section       44  pwmc.o(.constdata)
    .constdata                               0x00107bcc   Section       36  usbd_udp.o(.constdata)
    .constdata                               0x00107bf0   Section      117  cdcdserialdriverdescriptors.o(.constdata)
    .constdata                               0x00107c68   Section       24  mdio_drv.o(.constdata)
    MDIO_pins                                0x00107c68   Data          24  mdio_drv.o(.constdata)
    .constdata                               0x00107c80   Section       40  _printf_hex_int.o(.constdata)
    uc_hextab                                0x00107c80   Data          20  _printf_hex_int.o(.constdata)
    lc_hextab                                0x00107c94   Data          20  _printf_hex_int.o(.constdata)
    .constdata                               0x00107ca8   Section       17  __printf_flags_wp.o(.constdata)
    maptable                                 0x00107ca8   Data          17  __printf_flags_wp.o(.constdata)
    .conststring                             0x00107cbc   Section      401  consol.o(.conststring)
    .conststring                             0x00107e50   Section       19  microrl.o(.conststring)
    locale$$data                             0x00107e84   Section      272  lc_ctype_c.o(locale$$data)
    __lcctype_c_name                         0x00107e88   Data           2  lc_ctype_c.o(locale$$data)
    __lcctype_c_start                        0x00107e90   Data           0  lc_ctype_c.o(locale$$data)
    __lcctype_c_end                          0x00107f94   Data           0  lc_ctype_c.o(locale$$data)
    .data                                    0x00200000   Section       68  main.o(.data)
    pins_spi                                 0x00200004   Data          48  main.o(.data)
    first                                    0x00200038   Data           1  main.o(.data)
    flash_led                                0x00200039   Data           1  main.o(.data)
    TXCDCdone                                0x0020003a   Data           1  main.o(.data)
    NeedInitCDCDSerialDriver_Read            0x0020003b   Data           1  main.o(.data)
    MDIO_read                                0x0020003e   Data           1  main.o(.data)
    pr_but                                   0x0020003f   Data           1  main.o(.data)
    lastPress1                               0x00200040   Data           2  main.o(.data)
    lastPress2                               0x00200042   Data           2  main.o(.data)
    .data                                    0x00200044   Section        4  lcd_siem_s65.o(.data)
    .data                                    0x00200048   Section       60  consol.o(.data)
    .data                                    0x00200084   Section        4  microrl.o(.data)
    .data                                    0x00200088   Section       12  retarget.o(.data)
    .data                                    0x00200094   Section        2  usbd_udp.o(.data)
    deviceState                              0x00200094   Data           1  usbd_udp.o(.data)
    previousDeviceState                      0x00200095   Data           1  usbd_udp.o(.data)
    .data                                    0x00200098   Section        8  cdcdserialdriver.o(.data)
    .data                                    0x002000a0   Section       48  cdcdserialdriverdescriptors.o(.data)
    .bss                                     0x002000d0   Section     1370  main.o(.bss)
    spid                                     0x002000d0   Data          16  main.o(.bss)
    usbCDCBuffer                             0x002004e0   Data          64  main.o(.bss)
    .bss                                     0x0020062c   Section      248  consol.o(.bss)
    .bss                                     0x00200724   Section      112  usbd_udp.o(.bss)
    endpoints                                0x00200724   Data         112  usbd_udp.o(.bss)
    .bss                                     0x00200794   Section       24  cdcdserialdriver.o(.bss)
    .bss                                     0x002007ac   Section       96  libspace.o(.bss)
    HEAP                                     0x00200810   Section        0  sam7.o(HEAP)
    STACK                                    0x00200810   Section     1160  sam7.o(STACK)
    Heap_Mem                                 0x00200810   Data           0  sam7.o(HEAP)
    Stack_Mem                                0x00200810   Data        1024  sam7.o(STACK)
    Stack_Top                                0x00200c98   Data           0  sam7.o(STACK)

    Global Symbols

    Symbol Name                              Value     Ov Type        Size  Object(Section)

    BuildAttributes$$ARM_ISAv4$S$PE$A:L22$X:L11$S22$IEEE1$~IW$USESV6$~STKCKD$USESV7$~SHL$OSPACE$ROPI$EBA8$UX$STANDARDLIB$REQ8$PRES8$EABIv2 0x00000000   Number         0  anon$$obj.o ABSOLUTE
    __ARM_use_no_argv                        0x00000000   Number         0  main.o ABSOLUTE
    _printf_flags                            0x00000000   Number         0  printf_stubs.o ABSOLUTE
    _printf_return_value                     0x00000000   Number         0  printf_stubs.o ABSOLUTE
    _printf_sizespec                         0x00000000   Number         0  printf_stubs.o ABSOLUTE
    _printf_widthprec                        0x00000000   Number         0  printf_stubs.o ABSOLUTE
    __ARM_exceptions_init                     - Undefined Weak Reference
    __alloca_initialize                       - Undefined Weak Reference
    __arm_preinit_                            - Undefined Weak Reference
    __cpp_initialize__aeabi_                  - Undefined Weak Reference
    __cxa_finalize                            - Undefined Weak Reference
    __sigvec_lookup                           - Undefined Weak Reference
    _atexit_init                              - Undefined Weak Reference
    _call_atexit_fns                          - Undefined Weak Reference
    _clock_init                               - Undefined Weak Reference
    _fp_trap_init                             - Undefined Weak Reference
    _fp_trap_shutdown                         - Undefined Weak Reference
    _get_lc_collate                           - Undefined Weak Reference
    _get_lc_monetary                          - Undefined Weak Reference
    _get_lc_numeric                           - Undefined Weak Reference
    _get_lc_time                              - Undefined Weak Reference
    _getenv_init                              - Undefined Weak Reference
    _handle_redirection                       - Undefined Weak Reference
    _init_alloc                               - Undefined Weak Reference
    _init_user_alloc                          - Undefined Weak Reference
    _initio                                   - Undefined Weak Reference
    _printf_mbtowc                            - Undefined Weak Reference
    _printf_truncate_signed                   - Undefined Weak Reference
    _printf_truncate_unsigned                 - Undefined Weak Reference
    _rand_init                                - Undefined Weak Reference
    _signal_finish                            - Undefined Weak Reference
    _signal_init                              - Undefined Weak Reference
    _terminate_alloc                          - Undefined Weak Reference
    _terminate_user_alloc                     - Undefined Weak Reference
    _terminateio                              - Undefined Weak Reference
    Reset_Handler                            0x00100058   ARM Code       0  sam7.o(RESET)
    __main                                   0x001000e8   ARM Code       8  __main.o(!!!main)
    __scatterload                            0x001000f0   ARM Code       0  __scatter.o(!!!scatter)
    __scatterload_rt2                        0x001000f0   ARM Code      52  __scatter.o(!!!scatter)
    __scatterload_null                       0x00100104   ARM Code       0  __scatter.o(!!!scatter)
    __scatterload_copy                       0x0010012c   ARM Code      40  __scatter_copy.o(!!handler_copy)
    __scatterload_zeroinit                   0x00100154   ARM Code      44  __scatter_zi.o(!!handler_zi)
    _printf_d                                0x00100180   ARM Code       0  _printf_d.o(.ARM.Collect$$_printf_percent$$00000009)
    _printf_percent                          0x00100180   ARM Code       0  _printf_percent.o(.ARM.Collect$$_printf_percent$$00000000)
    _printf_x                                0x00100188   ARM Code       0  _printf_x.o(.ARM.Collect$$_printf_percent$$0000000C)
    _printf_s                                0x00100190   ARM Code       0  _printf_s.o(.ARM.Collect$$_printf_percent$$00000014)
    _printf_percent_end                      0x00100198   ARM Code       0  _printf_percent_end.o(.ARM.Collect$$_printf_percent$$00000017)
    __rt_lib_init                            0x001001a0   ARM Code       0  libinit.o(.ARM.Collect$$libinit$$00000000)
    __rt_lib_init_fp_1                       0x001001a4   ARM Code       0  libinit2.o(.ARM.Collect$$libinit$$00000002)
    __rt_lib_init_heap_1                     0x001001a4   ARM Code       0  libinit2.o(.ARM.Collect$$libinit$$0000000A)
    __rt_lib_init_lc_common                  0x001001a4   ARM Code       0  libinit2.o(.ARM.Collect$$libinit$$0000000F)
    __rt_lib_init_preinit_1                  0x001001a4   ARM Code       0  libinit2.o(.ARM.Collect$$libinit$$00000004)
    __rt_lib_init_rand_1                     0x001001a4   ARM Code       0  libinit2.o(.ARM.Collect$$libinit$$0000000E)
    __rt_lib_init_user_alloc_1               0x001001a4   ARM Code       0  libinit2.o(.ARM.Collect$$libinit$$0000000C)
    __rt_lib_init_lc_collate_1               0x001001ac   ARM Code       0  libinit2.o(.ARM.Collect$$libinit$$00000011)
    __rt_lib_init_lc_ctype_2                 0x001001ac   ARM Code       0  libinit2.o(.ARM.Collect$$libinit$$00000012)
    __rt_lib_init_alloca_1                   0x001001c0   ARM Code       0  libinit2.o(.ARM.Collect$$libinit$$0000002E)
    __rt_lib_init_argv_1                     0x001001c0   ARM Code       0  libinit2.o(.ARM.Collect$$libinit$$0000002C)
    __rt_lib_init_atexit_1                   0x001001c0   ARM Code       0  libinit2.o(.ARM.Collect$$libinit$$0000001B)
    __rt_lib_init_clock_1                    0x001001c0   ARM Code       0  libinit2.o(.ARM.Collect$$libinit$$00000021)
    __rt_lib_init_cpp_1                      0x001001c0   ARM Code       0  libinit2.o(.ARM.Collect$$libinit$$00000032)
    __rt_lib_init_exceptions_1               0x001001c0   ARM Code       0  libinit2.o(.ARM.Collect$$libinit$$00000030)
    __rt_lib_init_fp_trap_1                  0x001001c0   ARM Code       0  libinit2.o(.ARM.Collect$$libinit$$0000001F)
    __rt_lib_init_getenv_1                   0x001001c0   ARM Code       0  libinit2.o(.ARM.Collect$$libinit$$00000023)
    __rt_lib_init_lc_ctype_1                 0x001001c0   ARM Code       0  libinit2.o(.ARM.Collect$$libinit$$00000013)
    __rt_lib_init_lc_monetary_1              0x001001c0   ARM Code       0  libinit2.o(.ARM.Collect$$libinit$$00000015)
    __rt_lib_init_lc_numeric_1               0x001001c0   ARM Code       0  libinit2.o(.ARM.Collect$$libinit$$00000017)
    __rt_lib_init_lc_time_1                  0x001001c0   ARM Code       0  libinit2.o(.ARM.Collect$$libinit$$00000019)
    __rt_lib_init_return                     0x001001c0   ARM Code       0  libinit2.o(.ARM.Collect$$libinit$$00000033)
    __rt_lib_init_signal_1                   0x001001c0   ARM Code       0  libinit2.o(.ARM.Collect$$libinit$$0000001D)
    __rt_lib_init_stdio_1                    0x001001c0   ARM Code       0  libinit2.o(.ARM.Collect$$libinit$$00000025)
    __rt_lib_shutdown                        0x001001c4   ARM Code       0  libshutdown.o(.ARM.Collect$$libshutdown$$00000000)
    __rt_lib_shutdown_cpp_1                  0x001001c8   ARM Code       0  libshutdown2.o(.ARM.Collect$$libshutdown$$00000002)
    __rt_lib_shutdown_fp_trap_1              0x001001c8   ARM Code       0  libshutdown2.o(.ARM.Collect$$libshutdown$$00000007)
    __rt_lib_shutdown_heap_1                 0x001001c8   ARM Code       0  libshutdown2.o(.ARM.Collect$$libshutdown$$0000000F)
    __rt_lib_shutdown_return                 0x001001c8   ARM Code       0  libshutdown2.o(.ARM.Collect$$libshutdown$$00000010)
    __rt_lib_shutdown_signal_1               0x001001c8   ARM Code       0  libshutdown2.o(.ARM.Collect$$libshutdown$$0000000A)
    __rt_lib_shutdown_stdio_1                0x001001c8   ARM Code       0  libshutdown2.o(.ARM.Collect$$libshutdown$$00000004)
    __rt_lib_shutdown_user_alloc_1           0x001001c8   ARM Code       0  libshutdown2.o(.ARM.Collect$$libshutdown$$0000000C)
    __rt_entry                               0x001001cc   ARM Code       0  __rtentry.o(.ARM.Collect$$rtentry$$00000000)
    __rt_entry_presh_1                       0x001001cc   ARM Code       0  __rtentry2.o(.ARM.Collect$$rtentry$$00000002)
    __rt_entry_sh                            0x001001cc   ARM Code       0  __rtentry4.o(.ARM.Collect$$rtentry$$00000004)
    __rt_entry_li                            0x001001d4   ARM Code       0  __rtentry2.o(.ARM.Collect$$rtentry$$0000000A)
    __rt_entry_postsh_1                      0x001001d4   ARM Code       0  __rtentry2.o(.ARM.Collect$$rtentry$$00000009)
    __rt_entry_main                          0x001001d8   ARM Code       0  __rtentry2.o(.ARM.Collect$$rtentry$$0000000D)
    __rt_entry_postli_1                      0x001001d8   ARM Code       0  __rtentry2.o(.ARM.Collect$$rtentry$$0000000C)
    __rt_exit                                0x001001e0   ARM Code       0  rtexit.o(.ARM.Collect$$rtexit$$00000000)
    __rt_exit_ls                             0x001001e4   ARM Code       0  rtexit2.o(.ARM.Collect$$rtexit$$00000003)
    __rt_exit_prels_1                        0x001001e4   ARM Code       0  rtexit2.o(.ARM.Collect$$rtexit$$00000002)
    __rt_exit_exit                           0x001001e8   ARM Code       0  rtexit2.o(.ARM.Collect$$rtexit$$00000004)
    __user_initial_stackheap                 0x001001f0   ARM Code       0  sam7.o(.text)
    __I$use$semihosting                      0x00100210   ARM Code       0  use_no_semi.o(.text)
    __use_no_semihosting_swi                 0x00100210   ARM Code       4  use_no_semi.o(.text)
    __2printf                                0x00100214   ARM Code      32  __2printf.o(.text)
    __2sprintf                               0x00100238   ARM Code      64  __2sprintf.o(.text)
    __2snprintf                              0x0010027c   ARM Code      88  __2snprintf.o(.text)
    _printf_pre_padding                      0x001002d8   ARM Code      84  _printf_pad.o(.text)
    _printf_post_padding                     0x0010032c   ARM Code      72  _printf_pad.o(.text)
    _printf_str                              0x00100374   ARM Code     144  _printf_str.o(.text)
    _printf_int_dec                          0x00100404   ARM Code     164  _printf_dec.o(.text)
    _printf_int_hex                          0x001004b8   ARM Code     136  _printf_hex_int.o(.text)
    _printf_longlong_hex                     0x001004b8   ARM Code       0  _printf_hex_int.o(.text)
    __printf                                 0x00100548   ARM Code     496  __printf_flags_wp.o(.text)
    atoi                                     0x0010073c   ARM Code      44  atoi.o(.text)
    strtol                                   0x00100768   ARM Code     184  strtol.o(.text)
    strstr                                   0x00100820   ARM Code      68  strstr.o(.text)
    strlen                                   0x00100864   ARM Code      96  strlen.o(.text)
    __aeabi_memcpy                           0x001008c8   ARM Code       0  rt_memcpy.o(.text)
    __rt_memcpy                              0x001008c8   ARM Code     212  rt_memcpy.o(.text)
    _memcpy_lastbytes                        0x0010097c   ARM Code       0  rt_memcpy.o(.text)
    __aeabi_memmove                          0x0010099c   ARM Code       0  rt_memmove.o(.text)
    __rt_memmove                             0x0010099c   ARM Code     212  rt_memmove.o(.text)
    __memmove_lastfew                        0x00100a50   ARM Code       0  rt_memmove.o(.text)
    __aeabi_memcpy4                          0x00100a70   ARM Code       0  rt_memcpy_w.o(.text)
    __aeabi_memcpy8                          0x00100a70   ARM Code       0  rt_memcpy_w.o(.text)
    __rt_memcpy_w                            0x00100a70   ARM Code     100  rt_memcpy_w.o(.text)
    _memcpy_lastbytes_aligned                0x00100abc   ARM Code       0  rt_memcpy_w.o(.text)
    __aeabi_memset                           0x00100ad4   ARM Code      16  aeabi_memset.o(.text)
    __aeabi_memclr                           0x00100ae4   ARM Code       0  rt_memclr.o(.text)
    __rt_memclr                              0x00100ae4   ARM Code      64  rt_memclr.o(.text)
    _memset                                  0x00100ae8   ARM Code       0  rt_memclr.o(.text)
    __aeabi_memclr4                          0x00100b24   ARM Code       0  rt_memclr_w.o(.text)
    __aeabi_memclr8                          0x00100b24   ARM Code       0  rt_memclr_w.o(.text)
    __rt_memclr_w                            0x00100b24   ARM Code      84  rt_memclr_w.o(.text)
    _memset_w                                0x00100b28   ARM Code       0  rt_memclr_w.o(.text)
    strcmp                                   0x00100b78   ARM Code     240  strcmp.o(.text)
    __aeabi_uwrite4                          0x00100c6c   ARM Code       0  uwrite4.o(.text)
    __rt_uwrite4                             0x00100c6c   ARM Code      32  uwrite4.o(.text)
    __aeabi_idiv                             0x00100c8c   ARM Code       0  aeabi_sdiv.o(.text)
    __aeabi_idivmod                          0x00100c8c   ARM Code     380  aeabi_sdiv.o(.text)
    __use_two_region_memory                  0x00100e08   ARM Code       4  heapauxi.o(.text)
    __rt_heap_escrow$2region                 0x00100e0c   ARM Code       4  heapauxi.o(.text)
    __rt_heap_expand$2region                 0x00100e10   ARM Code       4  heapauxi.o(.text)
    __rt_ctype_table                         0x00100e14   ARM Code      20  rt_ctype_table.o(.text)
    __aeabi_errno_addr                       0x00100e28   ARM Code      12  rt_errno_addr_intlibspace.o(.text)
    __errno$intlibspace                      0x00100e28   ARM Code       0  rt_errno_addr_intlibspace.o(.text)
    __rt_errno_addr$intlibspace              0x00100e28   ARM Code       0  rt_errno_addr_intlibspace.o(.text)
    _printf_int_common                       0x00100e34   ARM Code     296  _printf_intcommon.o(.text)
    _printf_char_common                      0x00100f70   ARM Code      60  _printf_char_common.o(.text)
    _sputc                                   0x00100fb0   ARM Code      16  _sputc.o(.text)
    _snputc                                  0x00100fc0   ARM Code      24  _snputc.o(.text)
    _printf_cs_common                        0x00100fd8   ARM Code      36  _printf_char.o(.text)
    _printf_char                             0x00100ffc   ARM Code      28  _printf_char.o(.text)
    _printf_string                           0x00101018   ARM Code      12  _printf_char.o(.text)
    _printf_char_file                        0x00101024   ARM Code      48  _printf_char_file.o(.text)
    _strtoul                                 0x00101058   ARM Code     236  _strtoul.o(.text)
    __aeabi_memmove4                         0x00101144   ARM Code       0  rt_memmove_w.o(.text)
    __aeabi_memmove8                         0x00101144   ARM Code       0  rt_memmove_w.o(.text)
    __rt_memmove_w                           0x00101144   ARM Code     128  rt_memmove_w.o(.text)
    __memmove_aligned                        0x00101170   ARM Code       0  rt_memmove_w.o(.text)
    __memmove_lastfew_aligned                0x001011ac   ARM Code       0  rt_memmove_w.o(.text)
    __rt_udiv10                              0x001011c4   ARM Code      44  rtudiv10.o(.text)
    __user_libspace                          0x001011f0   ARM Code      12  libspace.o(.text)
    __user_perproc_libspace                  0x001011f0   ARM Code       0  libspace.o(.text)
    __user_perthread_libspace                0x001011f0   ARM Code       0  libspace.o(.text)
    __rt_locale                              0x001011fc   ARM Code      12  rt_locale_intlibspace.o(.text)
    _chval                                   0x00101208   ARM Code      32  _chval.o(.text)
    __user_setup_stackheap                   0x00101228   ARM Code      96  sys_stackheap_outer.o(.text)
    exit                                     0x00101288   ARM Code      24  exit.o(.text)
    __aeabi_uidiv                            0x001012a0   ARM Code       0  aeabi_sdiv.o(.text_udiv)
    __aeabi_uidivmod                         0x001012a0   ARM Code      36  aeabi_sdiv.o(.text_udiv)
    AIC_ConfigureIT                          0x001012c4   ARM Code      52  aic.o(i.AIC_ConfigureIT)
    AIC_EnableIT                             0x001012f8   ARM Code      28  aic.o(i.AIC_EnableIT)
    CDCDSerialDriver_Initialize              0x00101350   ARM Code      80  cdcdserialdriver.o(i.CDCDSerialDriver_Initialize)
    CDCDSerialDriver_Read                    0x001013d4   ARM Code      48  cdcdserialdriver.o(i.CDCDSerialDriver_Read)
    CDCDSerialDriver_RequestHandler          0x00101404   ARM Code     188  cdcdserialdriver.o(i.CDCDSerialDriver_RequestHandler)
    CDCDSerialDriver_Write                   0x001015d8   ARM Code      48  cdcdserialdriver.o(i.CDCDSerialDriver_Write)
    CDCLineCoding_Initialize                 0x00101608   ARM Code      52  cdclinecoding.o(i.CDCLineCoding_Initialize)
    CDCSetControlLineStateRequest_ActivateCarrier 0x0010163c   ARM Code      44  cdcsetcontrollinestaterequest.o(i.CDCSetControlLineStateRequest_ActivateCarrier)
    CDCSetControlLineStateRequest_IsDtePresent 0x00101668   ARM Code      44  cdcsetcontrollinestaterequest.o(i.CDCSetControlLineStateRequest_IsDtePresent)
    DBGU_Configure                           0x00101694   ARM Code      84  dbgu.o(i.DBGU_Configure)
    DBGU_PutChar                             0x001016ec   ARM Code      60  dbgu.o(i.DBGU_PutChar)
    DRV_MDIOM_Init                           0x00101728   ARM Code      52  mdio_drv.o(i.DRV_MDIOM_Init)
    LCD_put_string                           0x00101d44   ARM Code      88  lcd_siem_s65.o(i.LCD_put_string)
    LED_Clear                                0x00101d9c   ARM Code      92  led.o(i.LED_Clear)
    LED_Configure                            0x00101dfc   ARM Code      48  led.o(i.LED_Configure)
    LED_Set                                  0x00101e30   ARM Code      92  led.o(i.LED_Set)
    LED_Toggle                               0x00101e90   ARM Code      92  led.o(i.LED_Toggle)
    LowLevelInit                             0x00101ef0   ARM Code     324  board_lowlevel.o(i.LowLevelInit)
    PIO_Clear                                0x0010204c   ARM Code      12  pio.o(i.PIO_Clear)
    PIO_Configure                            0x00102058   ARM Code     284  pio.o(i.PIO_Configure)
    PIO_Get                                  0x00102174   ARM Code      80  pio.o(i.PIO_Get)
    PIO_GetOutputDataStatus                  0x001021c4   ARM Code      44  pio.o(i.PIO_GetOutputDataStatus)
    PIO_Set                                  0x001021f0   ARM Code      12  pio.o(i.PIO_Set)
    PWMC_ConfigureChannel                    0x001022cc   ARM Code      92  pwmc.o(i.PWMC_ConfigureChannel)
    PWMC_ConfigureClocks                     0x00102330   ARM Code      88  pwmc.o(i.PWMC_ConfigureClocks)
    PWMC_EnableChannel                       0x0010238c   ARM Code      20  pwmc.o(i.PWMC_EnableChannel)
    PWMC_SetDutyCycle                        0x001023a4   ARM Code      76  pwmc.o(i.PWMC_SetDutyCycle)
    PWMC_SetPeriod                           0x001023f8   ARM Code      76  pwmc.o(i.PWMC_SetPeriod)
    SPID_Configure                           0x0010244c   ARM Code      92  spid.o(i.SPID_Configure)
    SPID_ConfigureCS                         0x001024b0   ARM Code      16  spid.o(i.SPID_ConfigureCS)
    TC_Configure                             0x001025d0   ARM Code      28  tc.o(i.TC_Configure)
    TC_FindMckDivisor                        0x001025ec   ARM Code     188  tc.o(i.TC_FindMckDivisor)
    TC_Start                                 0x001026ac   ARM Code      12  tc.o(i.TC_Start)
    USBConfigurationDescriptor_GetTotalLength 0x00102fbc   ARM Code      20  usbconfigurationdescriptor.o(i.USBConfigurationDescriptor_GetTotalLength)
    USBConfigurationDescriptor_IsSelfPowered 0x00102fd0   ARM Code      36  usbconfigurationdescriptor.o(i.USBConfigurationDescriptor_IsSelfPowered)
    USBConfigurationDescriptor_Parse         0x00102ff4   ARM Code     216  usbconfigurationdescriptor.o(i.USBConfigurationDescriptor_Parse)
    USBDCallbacks_Initialized                0x001030cc   ARM Code      44  usbdcallbacks_initialized.o(i.USBDCallbacks_Initialized)
    USBDCallbacks_RequestReceived            0x00103100   ARM Code      20  cdcdserialdriver.o(i.USBDCallbacks_RequestReceived)
    USBDCallbacks_Reset                      0x00103114   ARM Code       4  usbdcallbacks_reset.o(i.USBDCallbacks_Reset)
    USBDDriverCallbacks_ConfigurationChanged 0x00103118   ARM Code      20  usbddrivercb_cfgchanged.o(i.USBDDriverCallbacks_ConfigurationChanged)
    USBDDriverCallbacks_InterfaceSettingChanged 0x00103144   ARM Code      24  usbddrivercb_ifsettingchanged.o(i.USBDDriverCallbacks_InterfaceSettingChanged)
    USBDDriver_Initialize                    0x00103178   ARM Code      64  usbddriver.o(i.USBDDriver_Initialize)
    USBDDriver_RequestHandler                0x001031b8   ARM Code    1160  usbddriver.o(i.USBDDriver_RequestHandler)
    USBD_ConfigureEndpoint                   0x00103694   ARM Code     264  usbd_udp.o(i.USBD_ConfigureEndpoint)
    USBD_Connect                             0x001037b0   ARM Code      52  usbd_udp.o(i.USBD_Connect)
    USBD_GetState                            0x001037e8   ARM Code      12  usbd_udp.o(i.USBD_GetState)
    USBD_Halt                                0x001037f8   ARM Code      92  usbd_udp.o(i.USBD_Halt)
    USBD_Init                                0x0010385c   ARM Code     100  usbd_udp.o(i.USBD_Init)
    USBD_InterruptHandler                    0x001038dc   ARM Code     468  usbd_udp.o(i.USBD_InterruptHandler)
    USBD_IsHalted                            0x00103ae0   ARM Code      40  usbd_udp.o(i.USBD_IsHalted)
    USBD_IsHighSpeed                         0x00103b0c   ARM Code       8  usbd_udp.o(i.USBD_IsHighSpeed)
    USBD_Read                                0x00103b14   ARM Code     116  usbd_udp.o(i.USBD_Read)
    USBD_SetAddress                          0x00103b90   ARM Code      92  usbd_udp.o(i.USBD_SetAddress)
    USBD_SetConfiguration                    0x00103c04   ARM Code      96  usbd_udp.o(i.USBD_SetConfiguration)
    USBD_Stall                               0x00103c78   ARM Code      72  usbd_udp.o(i.USBD_Stall)
    USBD_Unhalt                              0x00103ce8   ARM Code     160  usbd_udp.o(i.USBD_Unhalt)
    USBD_Write                               0x00103d94   ARM Code     220  usbd_udp.o(i.USBD_Write)
    USBD_setCSR                              0x00103e7c   ARM Code     148  usbd_udp.o(i.USBD_setCSR)
    USBEndpointDescriptor_GetDirection       0x00103f18   ARM Code      36  usbendpointdescriptor.o(i.USBEndpointDescriptor_GetDirection)
    USBEndpointDescriptor_GetMaxPacketSize   0x00103f3c   ARM Code      20  usbendpointdescriptor.o(i.USBEndpointDescriptor_GetMaxPacketSize)
    USBEndpointDescriptor_GetNumber          0x00103f50   ARM Code      16  usbendpointdescriptor.o(i.USBEndpointDescriptor_GetNumber)
    USBEndpointDescriptor_GetType            0x00103f60   ARM Code      16  usbendpointdescriptor.o(i.USBEndpointDescriptor_GetType)
    USBFeatureRequest_GetFeatureSelector     0x00103f70   ARM Code      24  usbfeaturerequest.o(i.USBFeatureRequest_GetFeatureSelector)
    USBGenericDescriptor_GetLength           0x00103f88   ARM Code      12  usbgenericdescriptor.o(i.USBGenericDescriptor_GetLength)
    USBGenericDescriptor_GetNextDescriptor   0x00103f94   ARM Code      24  usbgenericdescriptor.o(i.USBGenericDescriptor_GetNextDescriptor)
    USBGenericDescriptor_GetType             0x00103fac   ARM Code      12  usbgenericdescriptor.o(i.USBGenericDescriptor_GetType)
    USBGenericRequest_GetDirection           0x00103fb8   ARM Code      36  usbgenericrequest.o(i.USBGenericRequest_GetDirection)
    USBGenericRequest_GetEndpointNumber      0x00103fdc   ARM Code      24  usbgenericrequest.o(i.USBGenericRequest_GetEndpointNumber)
    USBGenericRequest_GetIndex               0x00103ff4   ARM Code      12  usbgenericrequest.o(i.USBGenericRequest_GetIndex)
    USBGenericRequest_GetLength              0x00104000   ARM Code      12  usbgenericrequest.o(i.USBGenericRequest_GetLength)
    USBGenericRequest_GetRecipient           0x0010400c   ARM Code      16  usbgenericrequest.o(i.USBGenericRequest_GetRecipient)
    USBGenericRequest_GetRequest             0x0010401c   ARM Code      12  usbgenericrequest.o(i.USBGenericRequest_GetRequest)
    USBGenericRequest_GetValue               0x00104028   ARM Code      12  usbgenericrequest.o(i.USBGenericRequest_GetValue)
    USBGetDescriptorRequest_GetDescriptorIndex 0x00104034   ARM Code      24  usbgetdescriptorrequest.o(i.USBGetDescriptorRequest_GetDescriptorIndex)
    USBGetDescriptorRequest_GetDescriptorType 0x0010404c   ARM Code      24  usbgetdescriptorrequest.o(i.USBGetDescriptorRequest_GetDescriptorType)
    USBInterfaceRequest_GetAlternateSetting  0x00104064   ARM Code      24  usbinterfacerequest.o(i.USBInterfaceRequest_GetAlternateSetting)
    USBInterfaceRequest_GetInterface         0x0010407c   ARM Code      24  usbinterfacerequest.o(i.USBInterfaceRequest_GetInterface)
    USBSetAddressRequest_GetAddress          0x00104094   ARM Code      24  usbsetaddressrequest.o(i.USBSetAddressRequest_GetAddress)
    USBSetConfigurationRequest_GetConfiguration 0x001040ac   ARM Code      24  usbsetconfigurationrequest.o(i.USBSetConfigurationRequest_GetConfiguration)
    UTIL_WaitTimeInMs                        0x001040c4   ARM Code     108  lcd_siem_s65.o(i.UTIL_WaitTimeInMs)
    UTIL_WaitTimeInUs                        0x00104130   ARM Code     108  lcd_siem_s65.o(i.UTIL_WaitTimeInUs)
    _sys_exit                                0x00104264   ARM Code       8  retarget.o(i._sys_exit)
    complet                                  0x0010432c   ARM Code     396  consol.o(i.complet)
    config_board                             0x00104504   ARM Code     564  main.o(i.config_board)
    defaultFiqHandler                        0x0010477c   ARM Code       8  board_lowlevel.o(i.defaultFiqHandler)
    defaultIrqHandler                        0x00104784   ARM Code       8  board_lowlevel.o(i.defaultIrqHandler)
    defaultSpuriousHandler                   0x0010478c   ARM Code       8  board_lowlevel.o(i.defaultSpuriousHandler)
    execute                                  0x00104900   ARM Code    2148  consol.o(i.execute)
    ferror                                   0x00105164   ARM Code      12  retarget.o(i.ferror)
    fill_area                                0x00105170   ARM Code     220  lcd_siem_s65.o(i.fill_area)
    fill_screen                              0x00105254   ARM Code     160  lcd_siem_s65.o(i.fill_screen)
    fputc                                    0x001052f8   ARM Code      60  retarget.o(i.fputc)
    idxDiff                                  0x0010578c   ARM Code      20  main.o(i.idxDiff)
    init_lcd                                 0x001057a0   ARM Code     220  lcd_siem_s65.o(i.init_lcd)
    init_u_consol                            0x00105890   ARM Code      72  consol.o(i.init_u_consol)
    lcd_cspulse                              0x001058ec   ARM Code      20  lcd_siem_s65.o(i.lcd_cspulse)
    lcd_dat                                  0x00105904   ARM Code      32  lcd_siem_s65.o(i.lcd_dat)
    lcd_dat8                                 0x00105924   ARM Code      44  lcd_siem_s65.o(i.lcd_dat8)
    lcd_reg                                  0x00105950   ARM Code      32  lcd_siem_s65.o(i.lcd_reg)
    lcd_write                                0x00105970   ARM Code      32  lcd_siem_s65.o(i.lcd_write)
    lcd_write8                               0x00105990   ARM Code      40  lcd_siem_s65.o(i.lcd_write8)
    main                                     0x001059bc   ARM Code    1388  main.o(i.main)
    mdio_read_data                           0x00105f58   ARM Code     112  mdio_drv.o(i.mdio_read_data)
    mdio_set_addr                            0x00105fd4   ARM Code      44  mdio_drv.o(i.mdio_set_addr)
    mdio_write_data                          0x00106000   ARM Code     176  mdio_drv.o(i.mdio_write_data)
    mdiobb_cmd                               0x001060b8   ARM Code     128  mdio_drv.o(i.mdiobb_cmd)
    mdiobb_cmd_addr                          0x0010613c   ARM Code     160  mdio_drv.o(i.mdiobb_cmd_addr)
    mdiobb_get_bit                           0x001061e0   ARM Code     136  mdio_drv.o(i.mdiobb_get_bit)
    mdiobb_read                              0x001062b8   ARM Code     172  mdio_drv.o(i.mdiobb_read)
    microrl_init                             0x00106674   ARM Code      92  microrl.o(i.microrl_init)
    microrl_insert_char                      0x001066d4   ARM Code     680  microrl.o(i.microrl_insert_char)
    microrl_set_complete_callback            0x00106a60   ARM Code       8  microrl.o(i.microrl_set_complete_callback)
    microrl_set_execute_callback             0x00106a68   ARM Code       8  microrl.o(i.microrl_set_execute_callback)
    microrl_set_sigint_callback              0x00106a70   ARM Code       8  microrl.o(i.microrl_set_sigint_callback)
    new_line_handler                         0x00106a78   ARM Code     184  microrl.o(i.new_line_handler)
    print                                    0x00106b4c   ARM Code     108  consol.o(i.print)
    print_help                               0x00106bc0   ARM Code     420  consol.o(i.print_help)
    put_char                                 0x00106d78   ARM Code     404  lcd_siem_s65.o(i.put_char)
    sigint                                   0x00106f14   ARM Code      16  consol.o(i.sigint)
    _get_lc_ctype                            0x0010717c   ARM Code      68  lc_ctype_c.o(locale$$code)
    pinPB1                                   0x001071c0   Data          12  main.o(.constdata)
    pinPB2                                   0x001071cc   Data          12  main.o(.constdata)
    pinPB3                                   0x001071d8   Data          12  main.o(.constdata)
    pinPB4                                   0x001071e4   Data          12  main.o(.constdata)
    ascii_tab                                0x00107220   Data        2338  lcd_siem_s65.o(.constdata)
    deviceDescriptor                         0x00107bf0   Data          18  cdcdserialdriverdescriptors.o(.constdata)
    configurationDescriptors                 0x00107c02   Data          67  cdcdserialdriverdescriptors.o(.constdata)
    languageIdStringDescriptor               0x00107c45   Data           4  cdcdserialdriverdescriptors.o(.constdata)
    productStringDescriptor                  0x00107c49   Data          28  cdcdserialdriverdescriptors.o(.constdata)
    Region$$Table$$Base                      0x00107e64   Number         0  anon$$obj.o(Region$$Table)
    Region$$Table$$Limit                     0x00107e84   Number         0  anon$$obj.o(Region$$Table)
    __ctype                                  0x00107e91   Data           0  lc_ctype_c.o(locale$$data)
    USBState                                 0x00200000   Data           1  main.o(.data)
    inTXCDC                                  0x00200034   Data           2  main.o(.data)
    outTXCDC                                 0x00200036   Data           2  main.o(.data)
    inRXCDC                                  0x0020003c   Data           1  main.o(.data)
    outRXCDC                                 0x0020003d   Data           1  main.o(.data)
    LCD_backcolor                            0x00200044   Data           2  lcd_siem_s65.o(.data)
    LCD_textcolor                            0x00200046   Data           2  lcd_siem_s65.o(.data)
    keyworld                                 0x00200048   Data          44  consol.o(.data)
    set_clear_key                            0x00200074   Data          12  consol.o(.data)
    prl                                      0x00200080   Data           4  consol.o(.data)
    prompt_default                           0x00200084   Data           4  microrl.o(.data)
    __stdout                                 0x00200088   Data           4  retarget.o(.data)
    __stdin                                  0x0020008c   Data           4  retarget.o(.data)
    __stderr                                 0x00200090   Data           4  retarget.o(.data)
    terminal_connect                         0x00200098   Data           1  cdcdserialdriver.o(.data)
    curr_baudrate                            0x0020009c   Data           4  cdcdserialdriver.o(.data)
    stringDescriptors                        0x002000a0   Data           8  cdcdserialdriverdescriptors.o(.data)
    cdcdSerialDriverDescriptors              0x002000a8   Data          40  cdcdserialdriverdescriptors.o(.data)
    TXCDC                                    0x002000e0   Data        1024  main.o(.bss)
    RXCDC                                    0x00200520   Data         256  main.o(.bss)
    mdio_m                                   0x00200620   Data          10  main.o(.bss)
    compl_world                              0x0020062c   Data          48  consol.o(.bss)
    rl                                       0x0020065c   Data         200  consol.o(.bss)
    cdcdSerialDriver                         0x00200794   Data          24  cdcdserialdriver.o(.bss)
    __libspace_start                         0x002007ac   Data          96  libspace.o(.bss)
    __temporary_stack_top$libspace           0x0020080c   Data           0  libspace.o(.bss)



==============================================================================

Memory Map of the image

  Image Entry point : 0x001000e8

  Load Region LR_IROM1 (Base: 0x00100000, Size: 0x00008064, Max: 0x00040000, ABSOLUTE)

    Execution Region ER_IROM1 (Base: 0x00100000, Size: 0x00007f94, Max: 0x00040000, ABSOLUTE)

    Base Addr    Size         Type   Attr      Idx    E Section Name        Object

    0x00100000   0x000000e8   Code   RO            3    RESET               sam7.o
    0x001000e8   0x00000008   Code   RO         1985  * !!!main             c_4.l(__main.o)
    0x001000f0   0x0000003c   Code   RO         2184    !!!scatter          c_4.l(__scatter.o)
    0x0010012c   0x00000028   Code   RO         2186    !!handler_copy      c_4.l(__scatter_copy.o)
    0x00100154   0x0000002c   Code   RO         2188    !!handler_zi        c_4.l(__scatter_zi.o)
    0x00100180   0x00000000   Code   RO         1942    .ARM.Collect$$_printf_percent$$00000000  c_4.l(_printf_percent.o)
    0x00100180   0x00000008   Code   RO         1940    .ARM.Collect$$_printf_percent$$00000009  c_4.l(_printf_d.o)
    0x00100188   0x00000008   Code   RO         1939    .ARM.Collect$$_printf_percent$$0000000C  c_4.l(_printf_x.o)
    0x00100190   0x00000008   Code   RO         1938    .ARM.Collect$$_printf_percent$$00000014  c_4.l(_printf_s.o)
    0x00100198   0x00000008   Code   RO         2011    .ARM.Collect$$_printf_percent$$00000017  c_4.l(_printf_percent_end.o)
    0x001001a0   0x00000004   Code   RO         2063    .ARM.Collect$$libinit$$00000000  c_4.l(libinit.o)
    0x001001a4   0x00000000   Code   RO         2065    .ARM.Collect$$libinit$$00000002  c_4.l(libinit2.o)
    0x001001a4   0x00000000   Code   RO         2067    .ARM.Collect$$libinit$$00000004  c_4.l(libinit2.o)
    0x001001a4   0x00000000   Code   RO         2070    .ARM.Collect$$libinit$$0000000A  c_4.l(libinit2.o)
    0x001001a4   0x00000000   Code   RO         2072    .ARM.Collect$$libinit$$0000000C  c_4.l(libinit2.o)
    0x001001a4   0x00000000   Code   RO         2074    .ARM.Collect$$libinit$$0000000E  c_4.l(libinit2.o)
    0x001001a4   0x00000008   Code   RO         2075    .ARM.Collect$$libinit$$0000000F  c_4.l(libinit2.o)
    0x001001ac   0x00000000   Code   RO         2077    .ARM.Collect$$libinit$$00000011  c_4.l(libinit2.o)
    0x001001ac   0x00000014   Code   RO         2078    .ARM.Collect$$libinit$$00000012  c_4.l(libinit2.o)
    0x001001c0   0x00000000   Code   RO         2079    .ARM.Collect$$libinit$$00000013  c_4.l(libinit2.o)
    0x001001c0   0x00000000   Code   RO         2081    .ARM.Collect$$libinit$$00000015  c_4.l(libinit2.o)
    0x001001c0   0x00000000   Code   RO         2083    .ARM.Collect$$libinit$$00000017  c_4.l(libinit2.o)
    0x001001c0   0x00000000   Code   RO         2085    .ARM.Collect$$libinit$$00000019  c_4.l(libinit2.o)
    0x001001c0   0x00000000   Code   RO         2087    .ARM.Collect$$libinit$$0000001B  c_4.l(libinit2.o)
    0x001001c0   0x00000000   Code   RO         2089    .ARM.Collect$$libinit$$0000001D  c_4.l(libinit2.o)
    0x001001c0   0x00000000   Code   RO         2091    .ARM.Collect$$libinit$$0000001F  c_4.l(libinit2.o)
    0x001001c0   0x00000000   Code   RO         2093    .ARM.Collect$$libinit$$00000021  c_4.l(libinit2.o)
    0x001001c0   0x00000000   Code   RO         2095    .ARM.Collect$$libinit$$00000023  c_4.l(libinit2.o)
    0x001001c0   0x00000000   Code   RO         2097    .ARM.Collect$$libinit$$00000025  c_4.l(libinit2.o)
    0x001001c0   0x00000000   Code   RO         2101    .ARM.Collect$$libinit$$0000002C  c_4.l(libinit2.o)
    0x001001c0   0x00000000   Code   RO         2103    .ARM.Collect$$libinit$$0000002E  c_4.l(libinit2.o)
    0x001001c0   0x00000000   Code   RO         2105    .ARM.Collect$$libinit$$00000030  c_4.l(libinit2.o)
    0x001001c0   0x00000000   Code   RO         2107    .ARM.Collect$$libinit$$00000032  c_4.l(libinit2.o)
    0x001001c0   0x00000004   Code   RO         2108    .ARM.Collect$$libinit$$00000033  c_4.l(libinit2.o)
    0x001001c4   0x00000004   Code   RO         2148    .ARM.Collect$$libshutdown$$00000000  c_4.l(libshutdown.o)
    0x001001c8   0x00000000   Code   RO         2167    .ARM.Collect$$libshutdown$$00000002  c_4.l(libshutdown2.o)
    0x001001c8   0x00000000   Code   RO         2169    .ARM.Collect$$libshutdown$$00000004  c_4.l(libshutdown2.o)
    0x001001c8   0x00000000   Code   RO         2172    .ARM.Collect$$libshutdown$$00000007  c_4.l(libshutdown2.o)
    0x001001c8   0x00000000   Code   RO         2175    .ARM.Collect$$libshutdown$$0000000A  c_4.l(libshutdown2.o)
    0x001001c8   0x00000000   Code   RO         2177    .ARM.Collect$$libshutdown$$0000000C  c_4.l(libshutdown2.o)
    0x001001c8   0x00000000   Code   RO         2180    .ARM.Collect$$libshutdown$$0000000F  c_4.l(libshutdown2.o)
    0x001001c8   0x00000004   Code   RO         2181    .ARM.Collect$$libshutdown$$00000010  c_4.l(libshutdown2.o)
    0x001001cc   0x00000000   Code   RO         1987    .ARM.Collect$$rtentry$$00000000  c_4.l(__rtentry.o)
    0x001001cc   0x00000000   Code   RO         2022    .ARM.Collect$$rtentry$$00000002  c_4.l(__rtentry2.o)
    0x001001cc   0x00000008   Code   RO         2034    .ARM.Collect$$rtentry$$00000004  c_4.l(__rtentry4.o)
    0x001001d4   0x00000000   Code   RO         2024    .ARM.Collect$$rtentry$$00000009  c_4.l(__rtentry2.o)
    0x001001d4   0x00000004   Code   RO         2025    .ARM.Collect$$rtentry$$0000000A  c_4.l(__rtentry2.o)
    0x001001d8   0x00000000   Code   RO         2027    .ARM.Collect$$rtentry$$0000000C  c_4.l(__rtentry2.o)
    0x001001d8   0x00000008   Code   RO         2028    .ARM.Collect$$rtentry$$0000000D  c_4.l(__rtentry2.o)
    0x001001e0   0x00000004   Code   RO         2109    .ARM.Collect$$rtexit$$00000000  c_4.l(rtexit.o)
    0x001001e4   0x00000000   Code   RO         2122    .ARM.Collect$$rtexit$$00000002  c_4.l(rtexit2.o)
    0x001001e4   0x00000004   Code   RO         2123    .ARM.Collect$$rtexit$$00000003  c_4.l(rtexit2.o)
    0x001001e8   0x00000008   Code   RO         2124    .ARM.Collect$$rtexit$$00000004  c_4.l(rtexit2.o)
    0x001001f0   0x00000020   Code   RO            4    .text               sam7.o
    0x00100210   0x00000004   Code   RO         1877    .text               c_4.l(use_no_semi.o)
    0x00100214   0x00000024   Code   RO         1879    .text               c_4.l(__2printf.o)
    0x00100238   0x00000044   Code   RO         1881    .text               c_4.l(__2sprintf.o)
    0x0010027c   0x0000005c   Code   RO         1883    .text               c_4.l(__2snprintf.o)
    0x001002d8   0x0000009c   Code   RO         1893    .text               c_4.l(_printf_pad.o)
    0x00100374   0x00000090   Code   RO         1895    .text               c_4.l(_printf_str.o)
    0x00100404   0x000000b4   Code   RO         1897    .text               c_4.l(_printf_dec.o)
    0x001004b8   0x00000090   Code   RO         1902    .text               c_4.l(_printf_hex_int.o)
    0x00100548   0x000001f4   Code   RO         1930    .text               c_4.l(__printf_flags_wp.o)
    0x0010073c   0x0000002c   Code   RO         1943    .text               c_4.l(atoi.o)
    0x00100768   0x000000b8   Code   RO         1945    .text               c_4.l(strtol.o)
    0x00100820   0x00000044   Code   RO         1947    .text               c_4.l(strstr.o)
    0x00100864   0x00000064   Code   RO         1949    .text               c_4.l(strlen.o)
    0x001008c8   0x000000d4   Code   RO         1951    .text               c_4.l(rt_memcpy.o)
    0x0010099c   0x000000d4   Code   RO         1953    .text               c_4.l(rt_memmove.o)
    0x00100a70   0x00000064   Code   RO         1955    .text               c_4.l(rt_memcpy_w.o)
    0x00100ad4   0x00000010   Code   RO         1957    .text               c_4.l(aeabi_memset.o)
    0x00100ae4   0x00000040   Code   RO         1959    .text               c_4.l(rt_memclr.o)
    0x00100b24   0x00000054   Code   RO         1961    .text               c_4.l(rt_memclr_w.o)
    0x00100b78   0x000000f4   Code   RO         1963    .text               c_4.l(strcmp.o)
    0x00100c6c   0x00000020   Code   RO         1965    .text               c_4.l(uwrite4.o)
    0x00100c8c   0x0000017c   Code   RO         1967    .text               c_4.l(aeabi_sdiv.o)
    0x00100e08   0x0000000c   Code   RO         1983    .text               c_4.l(heapauxi.o)
    0x00100e14   0x00000014   Code   RO         1988    .text               c_4.l(rt_ctype_table.o)
    0x00100e28   0x0000000c   Code   RO         1997    .text               c_4.l(rt_errno_addr_intlibspace.o)
    0x00100e34   0x00000128   Code   RO         1999    .text               c_4.l(_printf_intcommon.o)
    0x00100f5c   0x00000054   Code   RO         2001    .text               c_4.l(_printf_char_common.o)
    0x00100fb0   0x00000010   Code   RO         2003    .text               c_4.l(_sputc.o)
    0x00100fc0   0x00000018   Code   RO         2005    .text               c_4.l(_snputc.o)
    0x00100fd8   0x0000004c   Code   RO         2007    .text               c_4.l(_printf_char.o)
    0x00101024   0x00000034   Code   RO         2009    .text               c_4.l(_printf_char_file.o)
    0x00101058   0x000000ec   Code   RO         2012    .text               c_4.l(_strtoul.o)
    0x00101144   0x00000080   Code   RO         2014    .text               c_4.l(rt_memmove_w.o)
    0x001011c4   0x0000002c   Code   RO         2016    .text               c_4.l(rtudiv10.o)
    0x001011f0   0x0000000c   Code   RO         2018    .text               c_4.l(libspace.o)
    0x001011fc   0x0000000c   Code   RO         2041    .text               c_4.l(rt_locale_intlibspace.o)
    0x00101208   0x00000020   Code   RO         2045    .text               c_4.l(_chval.o)
    0x00101228   0x00000060   Code   RO         2050    .text               c_4.l(sys_stackheap_outer.o)
    0x00101288   0x00000018   Code   RO         2052    .text               c_4.l(exit.o)
    0x001012a0   0x00000024   Code   RO         1968    .text_udiv          c_4.l(aeabi_sdiv.o)
    0x001012c4   0x00000034   Code   RO          471    i.AIC_ConfigureIT   aic.o
    0x001012f8   0x0000001c   Code   RO          473    i.AIC_EnableIT      aic.o
    0x00101314   0x0000003c   Code   RO         1660    i.CDCDSerialDriver_GetLineCoding  cdcdserialdriver.o
    0x00101350   0x00000084   Code   RO         1662    i.CDCDSerialDriver_Initialize  cdcdserialdriver.o
    0x001013d4   0x00000030   Code   RO         1663    i.CDCDSerialDriver_Read  cdcdserialdriver.o
    0x00101404   0x000000cc   Code   RO         1664    i.CDCDSerialDriver_RequestHandler  cdcdserialdriver.o
    0x001014d0   0x00000060   Code   RO         1665    i.CDCDSerialDriver_SetControlLineState  cdcdserialdriver.o
    0x00101530   0x00000040   Code   RO         1666    i.CDCDSerialDriver_SetLineCoding  cdcdserialdriver.o
    0x00101570   0x00000068   Code   RO         1667    i.CDCDSerialDriver_SetLineCodingCallback  cdcdserialdriver.o
    0x001015d8   0x00000030   Code   RO         1669    i.CDCDSerialDriver_Write  cdcdserialdriver.o
    0x00101608   0x00000034   Code   RO         1624    i.CDCLineCoding_Initialize  cdclinecoding.o
    0x0010163c   0x0000002c   Code   RO         1639    i.CDCSetControlLineStateRequest_ActivateCarrier  cdcsetcontrollinestaterequest.o
    0x00101668   0x0000002c   Code   RO         1640    i.CDCSetControlLineStateRequest_IsDtePresent  cdcsetcontrollinestaterequest.o
    0x00101694   0x00000058   Code   RO          498    i.DBGU_Configure    dbgu.o
    0x001016ec   0x0000003c   Code   RO          501    i.DBGU_PutChar      dbgu.o
    0x00101728   0x00000038   Code   RO         1791    i.DRV_MDIOM_Init    mdio_drv.o
    0x00101760   0x000000a8   Code   RO          937    i.FindClockConfiguration  pwmc.o
    0x00101808   0x00000024   Code   RO         1523    i.GetConfiguration  usbddriver.o
    0x0010182c   0x000002d8   Code   RO         1524    i.GetDescriptor     usbddriver.o
    0x00101b04   0x0000008c   Code   RO         1525    i.GetDeviceStatus   usbddriver.o
    0x00101b90   0x00000054   Code   RO         1526    i.GetEndpointStatus  usbddriver.o
    0x00101be4   0x00000048   Code   RO         1527    i.GetInterface      usbddriver.o
    0x00101c2c   0x000000dc   Code   RO           11    i.ISR_Timer0        main.o
    0x00101d08   0x0000003c   Code   RO           12    i.ISR_Timer1        main.o
    0x00101d44   0x00000058   Code   RO          166    i.LCD_put_string    lcd_siem_s65.o
    0x00101d9c   0x00000060   Code   RO          806    i.LED_Clear         led.o
    0x00101dfc   0x00000034   Code   RO          807    i.LED_Configure     led.o
    0x00101e30   0x00000060   Code   RO          808    i.LED_Set           led.o
    0x00101e90   0x00000060   Code   RO          809    i.LED_Toggle        led.o
    0x00101ef0   0x0000015c   Code   RO          878    i.LowLevelInit      board_lowlevel.o
    0x0010204c   0x0000000c   Code   RO          534    i.PIO_Clear         pio.o
    0x00102058   0x0000011c   Code   RO          535    i.PIO_Configure     pio.o
    0x00102174   0x00000050   Code   RO          536    i.PIO_Get           pio.o
    0x001021c4   0x0000002c   Code   RO          538    i.PIO_GetOutputDataStatus  pio.o
    0x001021f0   0x0000000c   Code   RO          539    i.PIO_Set           pio.o
    0x001021fc   0x00000038   Code   RO          540    i.PIO_SetInput      pio.o
    0x00102234   0x00000050   Code   RO          541    i.PIO_SetOutput     pio.o
    0x00102284   0x00000024   Code   RO          542    i.PIO_SetPeripheralA  pio.o
    0x001022a8   0x00000024   Code   RO          543    i.PIO_SetPeripheralB  pio.o
    0x001022cc   0x00000064   Code   RO          938    i.PWMC_ConfigureChannel  pwmc.o
    0x00102330   0x0000005c   Code   RO          939    i.PWMC_ConfigureClocks  pwmc.o
    0x0010238c   0x00000018   Code   RO          942    i.PWMC_EnableChannel  pwmc.o
    0x001023a4   0x00000054   Code   RO          944    i.PWMC_SetDutyCycle  pwmc.o
    0x001023f8   0x00000054   Code   RO          945    i.PWMC_SetPeriod    pwmc.o
    0x0010244c   0x00000064   Code   RO         1000    i.SPID_Configure    spid.o
    0x001024b0   0x00000010   Code   RO         1001    i.SPID_ConfigureCS  spid.o
    0x001024c0   0x000000a8   Code   RO         1528    i.SetConfiguration  usbddriver.o
    0x00102568   0x00000068   Code   RO         1529    i.SetInterface      usbddriver.o
    0x001025d0   0x0000001c   Code   RO          772    i.TC_Configure      tc.o
    0x001025ec   0x000000c0   Code   RO          773    i.TC_FindMckDivisor  tc.o
    0x001026ac   0x0000000c   Code   RO          774    i.TC_Start          tc.o
    0x001026b8   0x0000002c   Code   RO           13    i.TXCDCcompleted    main.o
    0x001026e4   0x000000f0   Code   RO         1291    i.UDP_ClearRxFlag   usbd_udp.o
    0x001027d4   0x00000040   Code   RO         1292    i.UDP_DisableEndpoints  usbd_udp.o
    0x00102814   0x00000010   Code   RO         1293    i.UDP_DisablePeripheralClock  usbd_udp.o
    0x00102824   0x0000001c   Code   RO         1294    i.UDP_DisableTransceiver  usbd_udp.o
    0x00102840   0x00000010   Code   RO         1295    i.UDP_DisableUsbClock  usbd_udp.o
    0x00102850   0x00000010   Code   RO         1296    i.UDP_EnablePeripheralClock  usbd_udp.o
    0x00102860   0x0000001c   Code   RO         1297    i.UDP_EnableTransceiver  usbd_udp.o
    0x0010287c   0x00000010   Code   RO         1298    i.UDP_EnableUsbClock  usbd_udp.o
    0x0010288c   0x00000074   Code   RO         1299    i.UDP_EndOfTransfer  usbd_udp.o
    0x00102900   0x000004a8   Code   RO         1300    i.UDP_EndpointHandler  usbd_udp.o
    0x00102da8   0x0000007c   Code   RO         1301    i.UDP_IsTransferFinished  usbd_udp.o
    0x00102e24   0x0000008c   Code   RO         1302    i.UDP_ReadPayload   usbd_udp.o
    0x00102eb0   0x00000034   Code   RO         1303    i.UDP_ReadRequest   usbd_udp.o
    0x00102ee4   0x0000005c   Code   RO         1304    i.UDP_ResetEndpoints  usbd_udp.o
    0x00102f40   0x0000007c   Code   RO         1305    i.UDP_WritePayload  usbd_udp.o
    0x00102fbc   0x00000014   Code   RO         1040    i.USBConfigurationDescriptor_GetTotalLength  usbconfigurationdescriptor.o
    0x00102fd0   0x00000024   Code   RO         1041    i.USBConfigurationDescriptor_IsSelfPowered  usbconfigurationdescriptor.o
    0x00102ff4   0x000000d8   Code   RO         1042    i.USBConfigurationDescriptor_Parse  usbconfigurationdescriptor.o
    0x001030cc   0x00000034   Code   RO         1499    i.USBDCallbacks_Initialized  usbdcallbacks_initialized.o
    0x00103100   0x00000014   Code   RO         1670    i.USBDCallbacks_RequestReceived  cdcdserialdriver.o
    0x00103114   0x00000004   Code   RO         1511    i.USBDCallbacks_Reset  usbdcallbacks_reset.o
    0x00103118   0x0000002c   Code   RO         1600    i.USBDDriverCallbacks_ConfigurationChanged  usbddrivercb_cfgchanged.o
    0x00103144   0x00000034   Code   RO         1612    i.USBDDriverCallbacks_InterfaceSettingChanged  usbddrivercb_ifsettingchanged.o
    0x00103178   0x00000040   Code   RO         1530    i.USBDDriver_Initialize  usbddriver.o
    0x001031b8   0x000004dc   Code   RO         1532    i.USBDDriver_RequestHandler  usbddriver.o
    0x00103694   0x0000011c   Code   RO         1306    i.USBD_ConfigureEndpoint  usbd_udp.o
    0x001037b0   0x00000038   Code   RO         1307    i.USBD_Connect      usbd_udp.o
    0x001037e8   0x00000010   Code   RO         1309    i.USBD_GetState     usbd_udp.o
    0x001037f8   0x00000064   Code   RO         1310    i.USBD_Halt         usbd_udp.o
    0x0010385c   0x00000080   Code   RO         1311    i.USBD_Init         usbd_udp.o
    0x001038dc   0x00000204   Code   RO         1312    i.USBD_InterruptHandler  usbd_udp.o
    0x00103ae0   0x0000002c   Code   RO         1313    i.USBD_IsHalted     usbd_udp.o
    0x00103b0c   0x00000008   Code   RO         1314    i.USBD_IsHighSpeed  usbd_udp.o
    0x00103b14   0x0000007c   Code   RO         1315    i.USBD_Read         usbd_udp.o
    0x00103b90   0x00000074   Code   RO         1317    i.USBD_SetAddress   usbd_udp.o
    0x00103c04   0x00000074   Code   RO         1318    i.USBD_SetConfiguration  usbd_udp.o
    0x00103c78   0x00000070   Code   RO         1319    i.USBD_Stall        usbd_udp.o
    0x00103ce8   0x000000ac   Code   RO         1320    i.USBD_Unhalt       usbd_udp.o
    0x00103d94   0x000000e8   Code   RO         1321    i.USBD_Write        usbd_udp.o
    0x00103e7c   0x0000009c   Code   RO         1322    i.USBD_setCSR       usbd_udp.o
    0x00103f18   0x00000024   Code   RO         1081    i.USBEndpointDescriptor_GetDirection  usbendpointdescriptor.o
    0x00103f3c   0x00000014   Code   RO         1082    i.USBEndpointDescriptor_GetMaxPacketSize  usbendpointdescriptor.o
    0x00103f50   0x00000010   Code   RO         1083    i.USBEndpointDescriptor_GetNumber  usbendpointdescriptor.o
    0x00103f60   0x00000010   Code   RO         1084    i.USBEndpointDescriptor_GetType  usbendpointdescriptor.o
    0x00103f70   0x00000018   Code   RO         1111    i.USBFeatureRequest_GetFeatureSelector  usbfeaturerequest.o
    0x00103f88   0x0000000c   Code   RO         1135    i.USBGenericDescriptor_GetLength  usbgenericdescriptor.o
    0x00103f94   0x00000018   Code   RO         1136    i.USBGenericDescriptor_GetNextDescriptor  usbgenericdescriptor.o
    0x00103fac   0x0000000c   Code   RO         1137    i.USBGenericDescriptor_GetType  usbgenericdescriptor.o
    0x00103fb8   0x00000024   Code   RO         1159    i.USBGenericRequest_GetDirection  usbgenericrequest.o
    0x00103fdc   0x00000018   Code   RO         1160    i.USBGenericRequest_GetEndpointNumber  usbgenericrequest.o
    0x00103ff4   0x0000000c   Code   RO         1161    i.USBGenericRequest_GetIndex  usbgenericrequest.o
    0x00104000   0x0000000c   Code   RO         1162    i.USBGenericRequest_GetLength  usbgenericrequest.o
    0x0010400c   0x00000010   Code   RO         1163    i.USBGenericRequest_GetRecipient  usbgenericrequest.o
    0x0010401c   0x0000000c   Code   RO         1164    i.USBGenericRequest_GetRequest  usbgenericrequest.o
    0x00104028   0x0000000c   Code   RO         1166    i.USBGenericRequest_GetValue  usbgenericrequest.o
    0x00104034   0x00000018   Code   RO         1213    i.USBGetDescriptorRequest_GetDescriptorIndex  usbgetdescriptorrequest.o
    0x0010404c   0x00000018   Code   RO         1214    i.USBGetDescriptorRequest_GetDescriptorType  usbgetdescriptorrequest.o
    0x00104064   0x00000018   Code   RO         1234    i.USBInterfaceRequest_GetAlternateSetting  usbinterfacerequest.o
    0x0010407c   0x00000018   Code   RO         1235    i.USBInterfaceRequest_GetInterface  usbinterfacerequest.o
    0x00104094   0x00000018   Code   RO         1255    i.USBSetAddressRequest_GetAddress  usbsetaddressrequest.o
    0x001040ac   0x00000018   Code   RO         1270    i.USBSetConfigurationRequest_GetConfiguration  usbsetconfigurationrequest.o
    0x001040c4   0x0000006c   Code   RO          167    i.UTIL_WaitTimeInMs  lcd_siem_s65.o
    0x00104130   0x00000070   Code   RO          168    i.UTIL_WaitTimeInUs  lcd_siem_s65.o
    0x001041a0   0x00000094   Code   RO           14    i.UsbCDCDataReceived  main.o
    0x00104234   0x00000030   Code   RO           15    i.VBus_Configure    main.o
    0x00104264   0x00000008   Code   RO          841    i._sys_exit         retarget.o
    0x0010426c   0x000000c0   Code   RO          336    i.common_len        microrl.o
    0x0010432c   0x000001d8   Code   RO          278    i.complet           consol.o
    0x00104504   0x00000278   Code   RO           16    i.config_board      main.o
    0x0010477c   0x00000008   Code   RO          879    i.defaultFiqHandler  board_lowlevel.o
    0x00104784   0x00000008   Code   RO          880    i.defaultIrqHandler  board_lowlevel.o
    0x0010478c   0x00000008   Code   RO          881    i.defaultSpuriousHandler  board_lowlevel.o
    0x00104794   0x0000016c   Code   RO          337    i.escape_process    microrl.o
    0x00104900   0x00000864   Code   RO          279    i.execute           consol.o
    0x00105164   0x0000000c   Code   RO          843    i.ferror            retarget.o
    0x00105170   0x000000e4   Code   RO          170    i.fill_area         lcd_siem_s65.o
    0x00105254   0x000000a4   Code   RO          171    i.fill_screen       lcd_siem_s65.o
    0x001052f8   0x00000044   Code   RO          844    i.fputc             retarget.o
    0x0010533c   0x00000030   Code   RO          338    i.hist_erase_older  microrl.o
    0x0010536c   0x00000078   Code   RO          339    i.hist_is_space_for_new  microrl.o
    0x001053e4   0x00000250   Code   RO          340    i.hist_restore_line  microrl.o
    0x00105634   0x00000104   Code   RO          341    i.hist_save_line    microrl.o
    0x00105738   0x00000054   Code   RO          342    i.hist_search       microrl.o
    0x0010578c   0x00000014   Code   RO           17    i.idxDiff           main.o
    0x001057a0   0x000000f0   Code   RO          172    i.init_lcd          lcd_siem_s65.o
    0x00105890   0x0000005c   Code   RO          280    i.init_u_consol     consol.o
    0x001058ec   0x00000018   Code   RO          173    i.lcd_cspulse       lcd_siem_s65.o
    0x00105904   0x00000020   Code   RO          174    i.lcd_dat           lcd_siem_s65.o
    0x00105924   0x0000002c   Code   RO          175    i.lcd_dat8          lcd_siem_s65.o
    0x00105950   0x00000020   Code   RO          176    i.lcd_reg           lcd_siem_s65.o
    0x00105970   0x00000020   Code   RO          179    i.lcd_write         lcd_siem_s65.o
    0x00105990   0x0000002c   Code   RO          180    i.lcd_write8        lcd_siem_s65.o
    0x001059bc   0x0000059c   Code   RO           18    i.main              main.o
    0x00105f58   0x0000007c   Code   RO         1792    i.mdio_read_data    mdio_drv.o
    0x00105fd4   0x0000002c   Code   RO         1793    i.mdio_set_addr     mdio_drv.o
    0x00106000   0x000000b8   Code   RO         1794    i.mdio_write_data   mdio_drv.o
    0x001060b8   0x00000084   Code   RO         1795    i.mdiobb_cmd        mdio_drv.o
    0x0010613c   0x000000a4   Code   RO         1796    i.mdiobb_cmd_addr   mdio_drv.o
    0x001061e0   0x0000008c   Code   RO         1797    i.mdiobb_get_bit    mdio_drv.o
    0x0010626c   0x0000004c   Code   RO         1798    i.mdiobb_get_num    mdio_drv.o
    0x001062b8   0x000000b8   Code   RO         1799    i.mdiobb_read       mdio_drv.o
    0x00106370   0x000000d4   Code   RO         1801    i.mdiobb_send_bit   mdio_drv.o
    0x00106444   0x00000038   Code   RO         1802    i.mdiobb_send_num   mdio_drv.o
    0x0010647c   0x00000078   Code   RO          343    i.microrl_backspace  microrl.o
    0x001064f4   0x00000180   Code   RO          344    i.microrl_get_complite  microrl.o
    0x00106674   0x00000060   Code   RO          345    i.microrl_init      microrl.o
    0x001066d4   0x000002ac   Code   RO          346    i.microrl_insert_char  microrl.o
    0x00106980   0x000000e0   Code   RO          347    i.microrl_insert_text  microrl.o
    0x00106a60   0x00000008   Code   RO          348    i.microrl_set_complete_callback  microrl.o
    0x00106a68   0x00000008   Code   RO          349    i.microrl_set_execute_callback  microrl.o
    0x00106a70   0x00000008   Code   RO          350    i.microrl_set_sigint_callback  microrl.o
    0x00106a78   0x000000d4   Code   RO          351    i.new_line_handler  microrl.o
    0x00106b4c   0x00000074   Code   RO          281    i.print             consol.o
    0x00106bc0   0x000001a4   Code   RO          282    i.print_help        consol.o
    0x00106d64   0x00000014   Code   RO          352    i.print_prompt      microrl.o
    0x00106d78   0x0000019c   Code   RO          181    i.put_char          lcd_siem_s65.o
    0x00106f14   0x00000020   Code   RO          283    i.sigint            consol.o
    0x00106f34   0x000000bc   Code   RO          353    i.split             microrl.o
    0x00106ff0   0x0000001c   Code   RO          354    i.terminal_backspace  microrl.o
    0x0010700c   0x00000078   Code   RO          355    i.terminal_move_cursor  microrl.o
    0x00107084   0x00000018   Code   RO          356    i.terminal_newline  microrl.o
    0x0010709c   0x00000088   Code   RO          357    i.terminal_print_line  microrl.o
    0x00107124   0x00000058   Code   RO          358    i.terminal_reset_cursor  microrl.o
    0x0010717c   0x00000044   Code   RO         2048    locale$$code        c_4.l(lc_ctype_c.o)
    0x001071c0   0x00000060   Data   RO           20    .constdata          main.o
    0x00107220   0x0000093c   Data   RO          182    .constdata          lcd_siem_s65.o
    0x00107b5c   0x00000014   Data   RO          776    .constdata          tc.o
    0x00107b70   0x00000030   Data   RO          810    .constdata          led.o
    0x00107ba0   0x0000002c   Data   RO          946    .constdata          pwmc.o
    0x00107bcc   0x00000024   Data   RO         1324    .constdata          usbd_udp.o
    0x00107bf0   0x00000075   Data   RO         1751    .constdata          cdcdserialdriverdescriptors.o
    0x00107c65   0x00000003   PAD
    0x00107c68   0x00000018   Data   RO         1804    .constdata          mdio_drv.o
    0x00107c80   0x00000028   Data   RO         1903    .constdata          c_4.l(_printf_hex_int.o)
    0x00107ca8   0x00000011   Data   RO         1931    .constdata          c_4.l(__printf_flags_wp.o)
    0x00107cb9   0x00000003   PAD
    0x00107cbc   0x00000191   Data   RO          285    .conststring        consol.o
    0x00107e4d   0x00000003   PAD
    0x00107e50   0x00000013   Data   RO          359    .conststring        microrl.o
    0x00107e63   0x00000001   PAD
    0x00107e64   0x00000020   Data   RO         2182    Region$$Table       anon$$obj.o
    0x00107e84   0x00000110   Data   RO         2047    locale$$data        c_4.l(lc_ctype_c.o)


    Execution Region RW_IRAM1 (Base: 0x00200000, Size: 0x00000c98, Max: 0x00010000, ABSOLUTE)

    Base Addr    Size         Type   Attr      Idx    E Section Name        Object

    0x00200000   0x00000044   Data   RW           21    .data               main.o
    0x00200044   0x00000004   Data   RW          183    .data               lcd_siem_s65.o
    0x00200048   0x0000003c   Data   RW          286    .data               consol.o
    0x00200084   0x00000004   Data   RW          360    .data               microrl.o
    0x00200088   0x0000000c   Data   RW          845    .data               retarget.o
    0x00200094   0x00000002   Data   RW         1325    .data               usbd_udp.o
    0x00200096   0x00000002   PAD
    0x00200098   0x00000008   Data   RW         1672    .data               cdcdserialdriver.o
    0x002000a0   0x00000030   Data   RW         1752    .data               cdcdserialdriverdescriptors.o
    0x002000d0   0x0000055a   Zero   RW           19    .bss                main.o
    0x0020062a   0x00000002   PAD
    0x0020062c   0x000000f8   Zero   RW          284    .bss                consol.o
    0x00200724   0x00000070   Zero   RW         1323    .bss                usbd_udp.o
    0x00200794   0x00000018   Zero   RW         1671    .bss                cdcdserialdriver.o
    0x002007ac   0x00000060   Zero   RW         2019    .bss                c_4.l(libspace.o)
    0x0020080c   0x00000004   PAD
    0x00200810   0x00000000   Zero   RW            2    HEAP                sam7.o
    0x00200810   0x00000488   Zero   RW            1    STACK               sam7.o


==============================================================================

Image component sizes


      Code (inc. data)   RO Data    RW Data    ZI Data      Debug   Object Name

        80          0          0          0          0       1005   aic.o
       372         24          0          0          0       1932   board_lowlevel.o
       776        152          0          8         24       7475   cdcdserialdriver.o
         0          0        117         48          0       4237   cdcdserialdriverdescriptors.o
        52          0          0          0          0       1751   cdclinecoding.o
        88          0          0          0          0       1701   cdcsetcontrollinestaterequest.o
      3280        960        401         60        248       5926   consol.o
       148          4          0          0          0       1084   dbgu.o
      1560         52       2364          4          0       8375   lcd_siem_s65.o
       340         16         48          0          0       2767   led.o
      2608        348         96         68       1370      74601   main.o
      1372         56         24          0          0       7159   mdio_drv.o
      4008         88         19          4          0      14014   microrl.o
       640          0          0          0          0       5930   pio.o
       552         36         44          0          0       3665   pwmc.o
        88          8          0         12          0       3211   retarget.o
       264         68          0          0       1160        492   sam7.o
       116          8          0          0          0       2612   spid.o
       232          4         20          0          0       2114   tc.o
       272          0          0          0          0       5990   usbconfigurationdescriptor.o
      4444        356         36          2        112      20047   usbd_udp.o
         0          0          0          0          0       1196   usbd_udphs.o
        52          8          0          0          0        484   usbdcallbacks_initialized.o
         4          0          0          0          0        446   usbdcallbacks_reset.o
      2640        408          0          0          0       7580   usbddriver.o
        44         24          0          0          0        591   usbddrivercb_cfgchanged.o
        52         28          0          0          0        658   usbddrivercb_ifsettingchanged.o
        88          0          0          0          0       2696   usbendpointdescriptor.o
        24          0          0          0          0       2027   usbfeaturerequest.o
        48          0          0          0          0       2085   usbgenericdescriptor.o
       124          0          0          0          0       4299   usbgenericrequest.o
        48          0          0          0          0       1589   usbgetdescriptorrequest.o
        48          0          0          0          0       1541   usbinterfacerequest.o
        24          0          0          0          0        938   usbsetaddressrequest.o
        24          0          0          0          0        986   usbsetconfigurationrequest.o

    ----------------------------------------------------------------------
     24512       2648       3208        208       2916     203204   Object Totals
         0          0         32          0          0          0   (incl. Generated)
         0          0          7          2          2          0   (incl. Padding)

    ----------------------------------------------------------------------

      Code (inc. data)   RO Data    RW Data    ZI Data      Debug   Library Member Name

        36          4          0          0          0         84   __2printf.o
        92          4          0          0          0         92   __2snprintf.o
        68          4          0          0          0         84   __2sprintf.o
         8          0          0          0          0         68   __main.o
       500          4         17          0          0        108   __printf_flags_wp.o
         0          0          0          0          0          0   __rtentry.o
        12          0          0          0          0          0   __rtentry2.o
         8          0          0          0          0          0   __rtentry4.o
        60          8          0          0          0          0   __scatter.o
        40          0          0          0          0          0   __scatter_copy.o
        44          0          0          0          0          0   __scatter_zi.o
        32          0          0          0          0         68   _chval.o
        76          0          0          0          0        108   _printf_char.o
        84          4          0          0          0         96   _printf_char_common.o
        52          4          0          0          0         80   _printf_char_file.o
         8          0          0          0          0          0   _printf_d.o
       180         16          0          0          0        100   _printf_dec.o
       144          8         40          0          0         88   _printf_hex_int.o
       296          0          0          0          0        100   _printf_intcommon.o
       156          0          0          0          0        108   _printf_pad.o
         0          0          0          0          0          0   _printf_percent.o
         8          0          0          0          0          0   _printf_percent_end.o
         8          0          0          0          0          0   _printf_s.o
       144          0          0          0          0         80   _printf_str.o
         8          0          0          0          0          0   _printf_x.o
        24          0          0          0          0         68   _snputc.o
        16          0          0          0          0         68   _sputc.o
       236          0          0          0          0        108   _strtoul.o
        16          0          0          0          0         68   aeabi_memset.o
       416          0          0          0          0        144   aeabi_sdiv.o
        44          0          0          0          0         80   atoi.o
        24          0          0          0          0         80   exit.o
        12          0          0          0          0        152   heapauxi.o
        68          8        272          0          0         76   lc_ctype_c.o
         4          0          0          0          0          0   libinit.o
        32          0          0          0          0          0   libinit2.o
         4          0          0          0          0          0   libshutdown.o
         4          0          0          0          0          0   libshutdown2.o
        12          4          0          0         96         68   libspace.o
        20          4          0          0          0         76   rt_ctype_table.o
        12          4          0          0          0         68   rt_errno_addr_intlibspace.o
        12          4          0          0          0         68   rt_locale_intlibspace.o
        64          0          0          0          0         68   rt_memclr.o
        84          0          0          0          0         80   rt_memclr_w.o
       212          0          0          0          0         68   rt_memcpy.o
       100          0          0          0          0         80   rt_memcpy_w.o
       212          0          0          0          0         68   rt_memmove.o
       128          0          0          0          0         80   rt_memmove_w.o
         4          0          0          0          0          0   rtexit.o
        12          0          0          0          0          0   rtexit2.o
        44          0          0          0          0         68   rtudiv10.o
       244          4          0          0          0         80   strcmp.o
       100          4          0          0          0         68   strlen.o
        68          0          0          0          0         76   strstr.o
       184          0          0          0          0        104   strtol.o
        96          0          0          0          0         80   sys_stackheap_outer.o
         4          0          0          0          0         68   use_no_semi.o
        32          0          0          0          0         68   uwrite4.o

    ----------------------------------------------------------------------
      4608         88        332          0        100       3444   Library Totals
         0          0          3          0          4          0   (incl. Padding)

    ----------------------------------------------------------------------

      Code (inc. data)   RO Data    RW Data    ZI Data      Debug   Library Name

      4608         88        329          0         96       3444   c_4.l

    ----------------------------------------------------------------------
      4608         88        332          0        100       3444   Library Totals

    ----------------------------------------------------------------------

==============================================================================


      Code (inc. data)   RO Data    RW Data    ZI Data      Debug   

     29120       2736       3540        208       3016     195880   Grand Totals
     29120       2736       3540        208       3016     195880   ELF Image Totals
     29120       2736       3540        208          0          0   ROM Totals

==============================================================================

    Total RO  Size (Code + RO Data)                32660 (  31.89kB)
    Total RW  Size (RW Data + ZI Data)              3224 (   3.15kB)
    Total ROM Size (Code + RO Data + RW Data)      32868 (  32.10kB)

==============================================================================

